Component: ARM Compiler 5.06 update 7 (build 960) Tool: armlink [4d3601]

==============================================================================

Section Cross References

    startup_stm32f10x_md.o(STACK) refers (Special) to heapauxi.o(.text) for __use_two_region_memory
    startup_stm32f10x_md.o(HEAP) refers (Special) to heapauxi.o(.text) for __use_two_region_memory
    startup_stm32f10x_md.o(RESET) refers (Special) to heapauxi.o(.text) for __use_two_region_memory
    startup_stm32f10x_md.o(RESET) refers to startup_stm32f10x_md.o(STACK) for __initial_sp
    startup_stm32f10x_md.o(RESET) refers to startup_stm32f10x_md.o(.text) for Reset_Handler
    startup_stm32f10x_md.o(RESET) refers to stm32f10x_it.o(i.NMI_Handler) for NMI_Handler
    startup_stm32f10x_md.o(RESET) refers to stm32f10x_it.o(i.HardFault_Handler) for HardFault_Handler
    startup_stm32f10x_md.o(RESET) refers to stm32f10x_it.o(i.MemManage_Handler) for MemManage_Handler
    startup_stm32f10x_md.o(RESET) refers to stm32f10x_it.o(i.BusFault_Handler) for BusFault_Handler
    startup_stm32f10x_md.o(RESET) refers to stm32f10x_it.o(i.UsageFault_Handler) for UsageFault_Handler
    startup_stm32f10x_md.o(RESET) refers to stm32f10x_it.o(i.SVC_Handler) for SVC_Handler
    startup_stm32f10x_md.o(RESET) refers to stm32f10x_it.o(i.DebugMon_Handler) for DebugMon_Handler
    startup_stm32f10x_md.o(RESET) refers to stm32f10x_it.o(i.PendSV_Handler) for PendSV_Handler
    startup_stm32f10x_md.o(RESET) refers to stm32f10x_it.o(i.SysTick_Handler) for SysTick_Handler
    startup_stm32f10x_md.o(RESET) refers to myalarm.o(i.RTC_IRQHandler) for RTC_IRQHandler
    startup_stm32f10x_md.o(RESET) refers to exti.o(i.EXTI9_5_IRQHandler) for EXTI9_5_IRQHandler
    startup_stm32f10x_md.o(RESET) refers to serial.o(i.USART2_IRQHandler) for USART2_IRQHandler
    startup_stm32f10x_md.o(RESET) refers to exti.o(i.EXTI15_10_IRQHandler) for EXTI15_10_IRQHandler
    startup_stm32f10x_md.o(RESET) refers to myalarm.o(i.RTCAlarm_IRQHandler) for RTCAlarm_IRQHandler
    startup_stm32f10x_md.o(.text) refers (Special) to heapauxi.o(.text) for __use_two_region_memory
    startup_stm32f10x_md.o(.text) refers to system_stm32f10x.o(i.SystemInit) for SystemInit
    startup_stm32f10x_md.o(.text) refers to __main.o(!!!main) for __main
    startup_stm32f10x_md.o(.text) refers to startup_stm32f10x_md.o(HEAP) for Heap_Mem
    startup_stm32f10x_md.o(.text) refers to startup_stm32f10x_md.o(STACK) for Stack_Mem
    system_stm32f10x.o(i.SetSysClock) refers to system_stm32f10x.o(i.SetSysClockTo72) for SetSysClockTo72
    system_stm32f10x.o(i.SystemCoreClockUpdate) refers to system_stm32f10x.o(.data) for SystemCoreClock
    system_stm32f10x.o(i.SystemInit) refers to system_stm32f10x.o(i.SetSysClock) for SetSysClock
    stm32f10x_adc.o(i.ADC_DeInit) refers to stm32f10x_rcc.o(i.RCC_APB2PeriphResetCmd) for RCC_APB2PeriphResetCmd
    stm32f10x_bkp.o(i.BKP_DeInit) refers to stm32f10x_rcc.o(i.RCC_BackupResetCmd) for RCC_BackupResetCmd
    stm32f10x_can.o(i.CAN_DeInit) refers to stm32f10x_rcc.o(i.RCC_APB1PeriphResetCmd) for RCC_APB1PeriphResetCmd
    stm32f10x_can.o(i.CAN_GetITStatus) refers to stm32f10x_can.o(i.CheckITStatus) for CheckITStatus
    stm32f10x_cec.o(i.CEC_DeInit) refers to stm32f10x_rcc.o(i.RCC_APB1PeriphResetCmd) for RCC_APB1PeriphResetCmd
    stm32f10x_dac.o(i.DAC_DeInit) refers to stm32f10x_rcc.o(i.RCC_APB1PeriphResetCmd) for RCC_APB1PeriphResetCmd
    stm32f10x_flash.o(i.FLASH_EnableWriteProtection) refers to stm32f10x_flash.o(i.FLASH_WaitForLastOperation) for FLASH_WaitForLastOperation
    stm32f10x_flash.o(i.FLASH_EraseAllBank1Pages) refers to stm32f10x_flash.o(i.FLASH_WaitForLastBank1Operation) for FLASH_WaitForLastBank1Operation
    stm32f10x_flash.o(i.FLASH_EraseAllPages) refers to stm32f10x_flash.o(i.FLASH_WaitForLastOperation) for FLASH_WaitForLastOperation
    stm32f10x_flash.o(i.FLASH_EraseOptionBytes) refers to stm32f10x_flash.o(i.FLASH_GetReadOutProtectionStatus) for FLASH_GetReadOutProtectionStatus
    stm32f10x_flash.o(i.FLASH_EraseOptionBytes) refers to stm32f10x_flash.o(i.FLASH_WaitForLastOperation) for FLASH_WaitForLastOperation
    stm32f10x_flash.o(i.FLASH_ErasePage) refers to stm32f10x_flash.o(i.FLASH_WaitForLastOperation) for FLASH_WaitForLastOperation
    stm32f10x_flash.o(i.FLASH_ProgramHalfWord) refers to stm32f10x_flash.o(i.FLASH_WaitForLastOperation) for FLASH_WaitForLastOperation
    stm32f10x_flash.o(i.FLASH_ProgramOptionByteData) refers to stm32f10x_flash.o(i.FLASH_WaitForLastOperation) for FLASH_WaitForLastOperation
    stm32f10x_flash.o(i.FLASH_ProgramWord) refers to stm32f10x_flash.o(i.FLASH_WaitForLastOperation) for FLASH_WaitForLastOperation
    stm32f10x_flash.o(i.FLASH_ReadOutProtection) refers to stm32f10x_flash.o(i.FLASH_WaitForLastOperation) for FLASH_WaitForLastOperation
    stm32f10x_flash.o(i.FLASH_UserOptionByteConfig) refers to stm32f10x_flash.o(i.FLASH_WaitForLastOperation) for FLASH_WaitForLastOperation
[...]
    .ARM.Collect$$rtentry$$00000002          0x080001ca   Section        0  __rtentry2.o(.ARM.Collect$$rtentry$$00000002)
    .ARM.Collect$$rtentry$$00000004          0x080001ca   Section        6  __rtentry4.o(.ARM.Collect$$rtentry$$00000004)
    .ARM.Collect$$rtentry$$00000009          0x080001d0   Section        0  __rtentry2.o(.ARM.Collect$$rtentry$$00000009)
    .ARM.Collect$$rtentry$$0000000A          0x080001d0   Section        4  __rtentry2.o(.ARM.Collect$$rtentry$$0000000A)
    .ARM.Collect$$rtentry$$0000000C          0x080001d4   Section        0  __rtentry2.o(.ARM.Collect$$rtentry$$0000000C)
    .ARM.Collect$$rtentry$$0000000D          0x080001d4   Section        8  __rtentry2.o(.ARM.Collect$$rtentry$$0000000D)
    .ARM.Collect$$rtexit$$00000000           0x080001dc   Section        2  rtexit.o(.ARM.Collect$$rtexit$$00000000)
    .ARM.Collect$$rtexit$$00000002           0x080001de   Section        0  rtexit2.o(.ARM.Collect$$rtexit$$00000002)
    .ARM.Collect$$rtexit$$00000003           0x080001de   Section        4  rtexit2.o(.ARM.Collect$$rtexit$$00000003)
    .ARM.Collect$$rtexit$$00000004           0x080001e2   Section        6  rtexit2.o(.ARM.Collect$$rtexit$$00000004)
    .text                                    0x080001e8   Section       64  startup_stm32f10x_md.o(.text)
    .text                                    0x08000228   Section        0  __2sprintf.o(.text)
    .text                                    0x08000254   Section        0  _printf_pad.o(.text)
    .text                                    0x080002a2   Section        0  _printf_str.o(.text)
    .text                                    0x080002f4   Section        0  _printf_dec.o(.text)
    .text                                    0x0800036c   Section        0  __printf_flags_ss_wp.o(.text)
    .text                                    0x080004f4   Section        0  atoi.o(.text)
    .text                                    0x0800050e   Section      100  rt_memcpy_w.o(.text)
    .text                                    0x08000574   Section        0  localtime.o(.text)
    .text                                    0x08000580   Section        0  mktime.o(.text)
    _tm_carry                                0x08000581   Thumb Code    62  mktime.o(.text)
    .text                                    0x0800072c   Section        0  heapauxi.o(.text)
    .text                                    0x08000734   Section        8  rt_errno_addr_intlibspace.o(.text)
    .text                                    0x0800073c   Section        0  _printf_intcommon.o(.text)
    .text                                    0x080007f0   Section        0  _printf_char_common.o(.text)
    _printf_input_char                       0x080007f1   Thumb Code    10  _printf_char_common.o(.text)
    .text                                    0x08000820   Section        0  _sputc.o(.text)
    .text                                    0x0800082a   Section        0  _printf_char.o(.text)
    .text                                    0x08000856   Section        0  strtol.o(.text)
    .text                                    0x080008c8   Section        0  localtime_internal.o(.text)
    .text                                    0x08000980   Section        8  libspace.o(.text)
    .text                                    0x08000988   Section       16  rt_ctype_table.o(.text)
    .text                                    0x08000998   Section        0  _strtoul.o(.text)
    .text                                    0x08000a36   Section       78  rt_memclr_w.o(.text)
    .text                                    0x08000a84   Section       74  sys_stackheap_outer.o(.text)
    .text                                    0x08000ad0   Section        8  rt_locale_intlibspace.o(.text)
    .text                                    0x08000ad8   Section        0  _chval.o(.text)
    .text                                    0x08000af4   Section        0  exit.o(.text)
    .text                                    0x08000b08   Section        0  sys_exit.o(.text)
    .text                                    0x08000b14   Section      128  strcmpv7m.o(.text)
    .text                                    0x08000b94   Section        2  use_no_semi.o(.text)
    .text                                    0x08000b96   Section        0  indicate_semi.o(.text)
    i.AT24CXX_Init                           0x08000b96   Section        0  at24cxx.o(i.AT24CXX_Init)
    i.AT24CXX_Read                           0x08000b9e   Section        0  at24cxx.o(i.AT24CXX_Read)
    i.AT24CXX_ReadOneByte                    0x08000bc0   Section        0  at24cxx.o(i.AT24CXX_ReadOneByte)
    i.AT24CXX_Write                          0x08000c14   Section        0  at24cxx.o(i.AT24CXX_Write)
    i.AT24CXX_WriteLenByte                   0x08000c38   Section        0  at24cxx.o(i.AT24CXX_WriteLenByte)
    i.AT24CXX_WriteOneByte                   0x08000c62   Section        0  at24cxx.o(i.AT24CXX_WriteOneByte)
    i.BKP_ReadBackupRegister                 0x08000cb0   Section        0  stm32f10x_bkp.o(i.BKP_ReadBackupRegister)
    i.BKP_WriteBackupRegister                0x08000ccc   Section        0  stm32f10x_bkp.o(i.BKP_WriteBackupRegister)
    i.BusFault_Handler                       0x08000ce8   Section        0  stm32f10x_it.o(i.BusFault_Handler)
    i.DebugMon_Handler                       0x08000cec   Section        0  stm32f10x_it.o(i.DebugMon_Handler)
    i.DisplayButtonDown                      0x08000cee   Section        0  gui.o(i.DisplayButtonDown)
    i.DisplayButtonUp                        0x08000d70   Section        0  gui.o(i.DisplayButtonUp)
    i.DisplayButtonWithState                 0x08000df2   Section        0  gui.o(i.DisplayButtonWithState)
    i.DrawAppMenu                            0x08000e24   Section        0  app.o(i.DrawAppMenu)
    i.EXTI15_10_IRQHandler                   0x08001150   Section        0  exti.o(i.EXTI15_10_IRQHandler)
    i.EXTI9_5_IRQHandler                     0x080011ec   Section        0  exti.o(i.EXTI9_5_IRQHandler)
    i.EXTI_ClearITPendingBit                 0x08001238   Section        0  stm32f10x_exti.o(i.EXTI_ClearITPendingBit)
    i.EXTI_GetITStatus                       0x08001244   Section        0  stm32f10x_exti.o(i.EXTI_GetITStatus)
    i.EXTI_Init                              0x0800126c   Section        0  stm32f10x_exti.o(i.EXTI_Init)
    i.ExtiScreenLightChecker                 0x08001300   Section        0  app.o(i.ExtiScreenLightChecker)
    i.GPIO_EXTILineConfig                    0x08001330   Section        0  stm32f10x_gpio.o(i.GPIO_EXTILineConfig)
    i.GPIO_Init                              0x08001370   Section        0  stm32f10x_gpio.o(i.GPIO_Init)
    i.GPIO_PinRemapConfig                    0x08001488   Section        0  stm32f10x_gpio.o(i.GPIO_PinRemapConfig)
    i.GPIO_ReadInputDataBit                  0x08001518   Section        0  stm32f10x_gpio.o(i.GPIO_ReadInputDataBit)
    i.GPIO_ReadOutputDataBit                 0x0800152a   Section        0  stm32f10x_gpio.o(i.GPIO_ReadOutputDataBit)
    i.GPIO_ResetBits                         0x0800153c   Section        0  stm32f10x_gpio.o(i.GPIO_ResetBits)
    i.GPIO_SetBits                           0x08001540   Section        0  stm32f10x_gpio.o(i.GPIO_SetBits)
    i.GPIO_WriteBit                          0x08001544   Section        0  stm32f10x_gpio.o(i.GPIO_WriteBit)
    i.Gui_DrawFont_ASC16Ex                   0x0800154e   Section        0  gui.o(i.Gui_DrawFont_ASC16Ex)
    i.Gui_DrawFont_GBK16                     0x08001582   Section        0  gui.o(i.Gui_DrawFont_GBK16)
    i.Gui_DrawFont_GBK16Core                 0x080015a8   Section        0  gui.o(i.Gui_DrawFont_GBK16Core)
    i.Gui_DrawFont_GBK16_Spec                0x08001740   Section        0  gui.o(i.Gui_DrawFont_GBK16_Spec)
    i.Gui_DrawFont_Num32                     0x08001768   Section        0  gui.o(i.Gui_DrawFont_Num32)
    i.Gui_DrawLine                           0x080017e8   Section        0  gui.o(i.Gui_DrawLine)
    i.Gui_DrawPoint                          0x080018a2   Section        0  lcd_driver.o(i.Gui_DrawPoint)
    i.Gui_Fill                               0x080018c2   Section        0  gui.o(i.Gui_Fill)
    i.HardFault_Handler                      0x08001912   Section        0  stm32f10x_it.o(i.HardFault_Handler)
    i.IIC_Ack                                0x08001918   Section        0  at24cxx.o(i.IIC_Ack)
    IIC_Ack                                  0x08001919   Thumb Code    52  at24cxx.o(i.IIC_Ack)
    i.IIC_Init                               0x08001950   Section        0  at24cxx.o(i.IIC_Init)
    IIC_Init                                 0x08001951   Thumb Code    66  at24cxx.o(i.IIC_Init)
    i.IIC_NAck                               0x08001998   Section        0  at24cxx.o(i.IIC_NAck)
    IIC_NAck                                 0x08001999   Thumb Code    52  at24cxx.o(i.IIC_NAck)
    i.IIC_Read_Byte                          0x080019d0   Section        0  at24cxx.o(i.IIC_Read_Byte)
    IIC_Read_Byte                            0x080019d1   Thumb Code    84  at24cxx.o(i.IIC_Read_Byte)
    i.IIC_Send_Byte                          0x08001a28   Section        0  at24cxx.o(i.IIC_Send_Byte)
    IIC_Send_Byte                            0x08001a29   Thumb Code    94  at24cxx.o(i.IIC_Send_Byte)
    i.IIC_Start                              0x08001a8c   Section        0  at24cxx.o(i.IIC_Start)
    IIC_Start                                0x08001a8d   Thumb Code    52  at24cxx.o(i.IIC_Start)
    i.IIC_Stop                               0x08001ac4   Section        0  at24cxx.o(i.IIC_Stop)
    IIC_Stop                                 0x08001ac5   Thumb Code    52  at24cxx.o(i.IIC_Stop)
    i.IIC_Wait_Ack                           0x08001afc   Section        0  at24cxx.o(i.IIC_Wait_Ack)
    IIC_Wait_Ack                             0x08001afd   Thumb Code    78  at24cxx.o(i.IIC_Wait_Ack)
    i.LCD_GPIO_Init                          0x08001b50   Section        0  lcd_driver.o(i.LCD_GPIO_Init)
    i.LCD_WriteData_16Bit                    0x08001b94   Section        0  lcd_driver.o(i.LCD_WriteData_16Bit)
    i.Lcd_Clear                              0x08001bb8   Section        0  lcd_driver.o(i.Lcd_Clear)
    i.Lcd_Init                               0x08001bea   Section        0  lcd_driver.o(i.Lcd_Init)
    i.Lcd_Reset                              0x08001e34   Section        0  lcd_driver.o(i.Lcd_Reset)
    i.Lcd_SetRegion                          0x08001e58   Section        0  lcd_driver.o(i.Lcd_SetRegion)
    i.Lcd_SetXY                              0x08001eae   Section        0  lcd_driver.o(i.Lcd_SetXY)
    i.Lcd_WriteData                          0x08001ec4   Section        0  lcd_driver.o(i.Lcd_WriteData)
    i.Lcd_WriteIndex                         0x08001ee4   Section        0  lcd_driver.o(i.Lcd_WriteIndex)
    i.MemManage_Handler                      0x08001f04   Section        0  stm32f10x_it.o(i.MemManage_Handler)
    i.MyRTC_Init                             0x08001f08   Section        0  myrtc.o(i.MyRTC_Init)
    i.MyRTC_ReadTime                         0x08001f7c   Section        0  myrtc.o(i.MyRTC_ReadTime)
    i.MyRTC_SetTime                          0x08001fc4   Section        0  myrtc.o(i.MyRTC_SetTime)
    i.MySPI_Init                             0x080020b0   Section        0  myspi_lcd.o(i.MySPI_Init)
    i.MySPI_Start                            0x0800214c   Section        0  myspi_lcd.o(i.MySPI_Start)
    i.MySPI_Stop                             0x08002156   Section        0  myspi_lcd.o(i.MySPI_Stop)
    i.MySPI_SwapByte                         0x08002160   Section        0  myspi_lcd.o(i.MySPI_SwapByte)
    i.MySPI_W_SS                             0x08002180   Section        0  myspi_lcd.o(i.MySPI_W_SS)
    i.NMI_Handler                            0x08002194   Section        0  stm32f10x_it.o(i.NMI_Handler)
    i.NVIC_Init                              0x08002198   Section        0  misc.o(i.NVIC_Init)
    i.NVIC_PriorityGroupConfig               0x08002208   Section        0  misc.o(i.NVIC_PriorityGroupConfig)
    i.PWR_BackupAccessCmd                    0x0800221c   Section        0  stm32f10x_pwr.o(i.PWR_BackupAccessCmd)
    i.PWR_EnterSTOPMode                      0x08002228   Section        0  stm32f10x_pwr.o(i.PWR_EnterSTOPMode)
    i.PWR_WakeUpPinCmd                       0x08002268   Section        0  stm32f10x_pwr.o(i.PWR_WakeUpPinCmd)
    i.PendSV_Handler                         0x08002274   Section        0  stm32f10x_it.o(i.PendSV_Handler)
    i.RCC_APB1PeriphClockCmd                 0x08002278   Section        0  stm32f10x_rcc.o(i.RCC_APB1PeriphClockCmd)
    i.RCC_APB2PeriphClockCmd                 0x08002298   Section        0  stm32f10x_rcc.o(i.RCC_APB2PeriphClockCmd)
    i.RCC_GetFlagStatus                      0x080022b8   Section        0  stm32f10x_rcc.o(i.RCC_GetFlagStatus)
    i.RCC_LSEConfig                          0x080022f4   Section        0  stm32f10x_rcc.o(i.RCC_LSEConfig)
    i.RCC_RTCCLKCmd                          0x08002328   Section        0  stm32f10x_rcc.o(i.RCC_RTCCLKCmd)
    i.RCC_RTCCLKConfig                       0x08002334   Section        0  stm32f10x_rcc.o(i.RCC_RTCCLKConfig)
    i.RTCAlarm_IRQHandler                    0x08002344   Section        0  myalarm.o(i.RTCAlarm_IRQHandler)
    i.RTC_ClearITPendingBit                  0x08002370   Section        0  stm32f10x_rtc.o(i.RTC_ClearITPendingBit)
    i.RTC_EnterConfigMode                    0x08002380   Section        0  stm32f10x_rtc.o(i.RTC_EnterConfigMode)
    i.RTC_ExitConfigMode                     0x08002394   Section        0  stm32f10x_rtc.o(i.RTC_ExitConfigMode)
    i.RTC_GetCounter                         0x080023a8   Section        0  stm32f10x_rtc.o(i.RTC_GetCounter)
    i.RTC_GetITStatus                        0x080023bc   Section        0  stm32f10x_rtc.o(i.RTC_GetITStatus)
    i.RTC_IRQHandler                         0x080023e0   Section        0  myalarm.o(i.RTC_IRQHandler)
    i.RTC_ITConfig                           0x080023f4   Section        0  stm32f10x_rtc.o(i.RTC_ITConfig)
    i.RTC_SetAlarm                           0x08002414   Section        0  stm32f10x_rtc.o(i.RTC_SetAlarm)
    i.RTC_SetCounter                         0x08002430   Section        0  stm32f10x_rtc.o(i.RTC_SetCounter)
    i.RTC_SetPrescaler                       0x0800244c   Section        0  stm32f10x_rtc.o(i.RTC_SetPrescaler)
    i.RTC_WaitForLastTask                    0x0800246c   Section        0  stm32f10x_rtc.o(i.RTC_WaitForLastTask)
    i.RTC_WaitForSynchro                     0x08002480   Section        0  stm32f10x_rtc.o(i.RTC_WaitForSynchro)
    i.SDA_IN                                 0x080024a4   Section        0  at24cxx.o(i.SDA_IN)
    SDA_IN                                   0x080024a5   Thumb Code    24  at24cxx.o(i.SDA_IN)
    i.SDA_OUT                                0x080024c0   Section        0  at24cxx.o(i.SDA_OUT)
    SDA_OUT                                  0x080024c1   Thumb Code    30  at24cxx.o(i.SDA_OUT)
    i.SPI_Cmd                                0x080024e4   Section        0  stm32f10x_spi.o(i.SPI_Cmd)
    i.SPI_I2S_GetFlagStatus                  0x080024fc   Section        0  stm32f10x_spi.o(i.SPI_I2S_GetFlagStatus)
    i.SPI_Init                               0x0800250e   Section        0  stm32f10x_spi.o(i.SPI_Init)
    i.SPI_WriteData                          0x0800254a   Section        0  lcd_driver.o(i.SPI_WriteData)
    i.SVC_Handler                            0x08002556   Section        0  stm32f10x_it.o(i.SVC_Handler)
    i.SetSysClock                            0x08002558   Section        0  system_stm32f10x.o(i.SetSysClock)
    SetSysClock                              0x08002559   Thumb Code     8  system_stm32f10x.o(i.SetSysClock)
    i.SetSysClockTo72                        0x08002560   Section        0  system_stm32f10x.o(i.SetSysClockTo72)
    SetSysClockTo72                          0x08002561   Thumb Code   214  system_stm32f10x.o(i.SetSysClockTo72)
    i.SysTick_Handler                        0x08002640   Section        0  stm32f10x_it.o(i.SysTick_Handler)
    i.SystemInit                             0x08002644   Section        0  system_stm32f10x.o(i.SystemInit)
    i.USART2_IRQHandler                      0x080026a4   Section        0  serial.o(i.USART2_IRQHandler)
    i.USART_ClearITPendingBit                0x08002744   Section        0  stm32f10x_usart.o(i.USART_ClearITPendingBit)
    i.USART_GetITStatus                      0x08002762   Section        0  stm32f10x_usart.o(i.USART_GetITStatus)
    i.USART_ReceiveData                      0x080027b6   Section        0  stm32f10x_usart.o(i.USART_ReceiveData)
    i.UsageFault_Handler                     0x080027c0   Section        0  stm32f10x_it.o(i.UsageFault_Handler)
    i._Z11EditAlarmUIs                       0x080027c4   Section        0  myalarm.o(i._Z11EditAlarmUIs)
    EditAlarmUI(short)                       0x080027c5   Thumb Code   870  myalarm.o(i._Z11EditAlarmUIs)
    i._Z11ShowAppMenuv                       0x08002b88   Section        0  app.o(i._Z11ShowAppMenuv)
    i._Z12KeyboardInitv                      0x08002d20   Section        0  app.o(i._Z12KeyboardInitv)
    i._Z12MyAlarm_Initv                      0x08002f10   Section        0  myalarm.o(i._Z12MyAlarm_Initv)
    i._Z12RunUIHandlerv                      0x08002ff8   Section        0  app.o(i._Z12RunUIHandlerv)
    i._Z14RunApplicationv                    0x080030e4   Section        0  app.o(i._Z14RunApplicationv)
    i._Z15UpdateAlarmMenuv                   0x080032c4   Section        0  myalarm.o(i._Z15UpdateAlarmMenuv)
    UpdateAlarmMenu()                        0x080032c5   Thumb Code    82  myalarm.o(i._Z15UpdateAlarmMenuv)
    i._Z16HandleAlarmEventv                  0x0800334c   Section        0  myalarm.o(i._Z16HandleAlarmEventv)
    HandleAlarmEvent()                       0x0800334d   Thumb Code    10  myalarm.o(i._Z16HandleAlarmEventv)
    i._Z18MyAlarm_CheckAlarmv                0x0800335c   Section        0  myalarm.o(i._Z18MyAlarm_CheckAlarmv)
    i._Z19DrawSubMenu_AlarmUIc               0x08003440   Section        0  myalarm.o(i._Z19DrawSubMenu_AlarmUIc)
    i._Z19DrawSubMenu_Factoryc               0x08003484   Section        0  app.o(i._Z19DrawSubMenu_Factoryc)
    i._Z20DrawSubMenu_Settingsc              0x08003634   Section        0  app.o(i._Z20DrawSubMenu_Settingsc)
    i._Z20GpsTimeUpdateServicev              0x08003cb0   Section        0  apps_ext.o(i._Z20GpsTimeUpdateServicev)
    i._Z23DrawSubMenu_Applicationc           0x08003e64   Section        0  app.o(i._Z23DrawSubMenu_Applicationc)
    i._Z24DrawSubMenu_AlarmManagerc          0x080043c4   Section        0  myalarm.o(i._Z24DrawSubMenu_AlarmManagerc)
    i._Z7WaitKeyP12GPIO_TypeDeftb            0x080044c8   Section        0  app.o(i._Z7WaitKeyP12GPIO_TypeDeftb)
    i._Z9app_Timerv                          0x08004514   Section        0  apps_ext.o(i._Z9app_Timerv)
    i._ZN11MenuRoutine19GetRetValueFromMenuEPj 0x08004684   Section        0  menu.o(i._ZN11MenuRoutine19GetRetValueFromMenuEPj)
    i._ZN11MenuRoutine8DrawMenuEb            0x080047c0   Section        0  menu.o(i._ZN11MenuRoutine8DrawMenuEb)
    i._ZN11MenuRoutine8InitMenuEP8MenuDataj  0x08004940   Section        0  menu.o(i._ZN11MenuRoutine8InitMenuEP8MenuDataj)
    i._ZN11MenuRoutineC1Ev                   0x08004954   Section        0  app.o(i._ZN11MenuRoutineC1Ev)
    i._ZN8MenuBase7AntiTikEP12GPIO_TypeDeft  0x08004978   Section        0  menu.o(i._ZN8MenuBase7AntiTikEP12GPIO_TypeDeft)
    i.__cxa_guard_acquire                    0x0800499a   Section        0  cxa_guard_acquire.o(i.__cxa_guard_acquire)
    i._is_digit                              0x080049aa   Section        0  __printf_wp.o(i._is_digit)
    i.delay_init                             0x080049b8   Section        0  delay.o(i.delay_init)
    i.delay_ms                               0x080049f8   Section        0  delay.o(i.delay_ms)
    i.delay_us                               0x08004a34   Section        0  delay.o(i.delay_us)
    i.main                                   0x08004a70   Section        0  main.o(i.main)
    locale$$code                             0x08004b78   Section       44  lc_ctype_c.o(locale$$code)
    .constdata                               0x08004ba4   Section     3200  gui.o(.constdata)
    .constdata                               0x08005824   Section    40968  app.o(.constdata)
    gImage_Furina1                           0x08005824   Data       40968  app.o(.constdata)
    .constdata                               0x0800f82c   Section       17  __printf_flags_ss_wp.o(.constdata)
    maptable                                 0x0800f82c   Data          17  __printf_flags_ss_wp.o(.constdata)
    .constdata                               0x0800f83d   Section       12  _monlen.o(.constdata)
    .constdata__ZTV11MenuRoutine             0x0800f84c   Section       12  app.o(.constdata__ZTV11MenuRoutine)
    locale$$data                             0x0800f878   Section      272  lc_ctype_c.o(locale$$data)
    __lcctype_c_name                         0x0800f87c   Data           2  lc_ctype_c.o(locale$$data)
    __lcctype_c_start                        0x0800f884   Data           0  lc_ctype_c.o(locale$$data)
    __lcctype_c_end                          0x0800f988   Data           0  lc_ctype_c.o(locale$$data)
    .data                                    0x20000000   Section        4  delay.o(.data)
    fac_us                                   0x20000000   Data           1  delay.o(.data)
    fac_ms                                   0x20000002   Data           2  delay.o(.data)
    .data                                    0x20000004   Section     1384  app.o(.data)
    isSafedEnv                               0x20000008   Data           1  app.o(.data)
    nUiTimeShowType                          0x2000000c   Data           4  app.o(.data)
    shouldPauseMainMenu                      0x20000017   Data           1  app.o(.data)
    nMenuState                               0x2000055c   Data           2  app.o(.data)
    _ZGVmyMenu                               0x20000560   Data           4  app.o(.data)
    _ZGVmyMenu                               0x20000564   Data           4  app.o(.data)
    _ZGVmyMenu                               0x20000568   Data           4  app.o(.data)
    .data                                    0x2000056c   Section       12  myrtc.o(.data)
    .data                                    0x20000578   Section     1348  myalarm.o(.data)
    _ZGVmyMenu                               0x20000ab8   Data           4  myalarm.o(.data)
    .data                                    0x20000abc   Section        8  apps_ext.o(.data)
    nTUSExecCount                            0x20000abc   Data           4  apps_ext.o(.data)
    nTUSUpdCount                             0x20000ac0   Data           4  apps_ext.o(.data)
    .data                                    0x20000ac4   Section        3  serial.o(.data)
    RxState                                  0x20000ac5   Data           1  serial.o(.data)
    pRxPacket                                0x20000ac6   Data           1  serial.o(.data)
    .bss                                     0x20000ac8   Section      120  app.o(.bss)
    myMenu                                   0x20000ad4   Data          36  app.o(.bss)
    myMenu                                   0x20000af8   Data          36  app.o(.bss)
    myMenu                                   0x20000b1c   Data          36  app.o(.bss)
    .bss                                     0x20000b40   Section      356  myalarm.o(.bss)
    myMenu                                   0x20000c80   Data          36  myalarm.o(.bss)
    .bss                                     0x20000ca4   Section      100  serial.o(.bss)
    .bss                                     0x20000d08   Section       44  localtime.o(.bss)
    _tms                                     0x20000d08   Data          44  localtime.o(.bss)
    .bss                                     0x20000d34   Section       96  libspace.o(.bss)
    HEAP                                     0x20000d98   Section      512  startup_stm32f10x_md.o(HEAP)
    Heap_Mem                                 0x20000d98   Data         512  startup_stm32f10x_md.o(HEAP)
    STACK                                    0x20000f98   Section     1024  startup_stm32f10x_md.o(STACK)
    Stack_Mem                                0x20000f98   Data        1024  startup_stm32f10x_md.o(STACK)
    __initial_sp                             0x20001398   Data           0  startup_stm32f10x_md.o(STACK)

    Global Symbols

    Symbol Name                              Value     Ov Type        Size  Object(Section)

    BuildAttributes$$THM_ISAv4$P$D$K$B$S$PE$A:L22UL41UL21$X:L11$S22US41US21$IEEE1$IW$USESV6$~STKCKD$USESV7$~SHL$OTIME$ROPI$IEEEJ$EBA8$UX$STANDARDLIB$REQ8$PRES8$EABIv2 0x00000000   Number         0  anon$$obj.o ABSOLUTE
    __ARM_use_no_argv                        0x00000000   Number         0  main.o ABSOLUTE
    _printf_flags                            0x00000000   Number         0  printf_stubs.o ABSOLUTE
    _printf_return_value                     0x00000000   Number         0  printf_stubs.o ABSOLUTE
    _printf_sizespec                         0x00000000   Number         0  printf_stubs.o ABSOLUTE
    _printf_widthprec                        0x00000000   Number         0  printf_stubs.o ABSOLUTE
    __ARM::default_unexpected_handler()       - Undefined Weak Reference
    __ARM_exceptions_buffer_required          - Undefined Weak Reference
    __ARM_exceptions_init                     - Undefined Weak Reference
    __alloca_initialize                       - Undefined Weak Reference
    __arm_fini_                               - Undefined Weak Reference
    __arm_preinit_                            - Undefined Weak Reference
    __cpp_initialize__aeabi_                  - Undefined Weak Reference
    __cxa_finalize                            - Undefined Weak Reference
    __sigvec_lookup                           - Undefined Weak Reference
    __user_heap_extent                        - Undefined Weak Reference
    _atexit_init                              - Undefined Weak Reference
    _call_atexit_fns                          - Undefined Weak Reference
    _clock_init                               - Undefined Weak Reference
    _fp_trap_init                             - Undefined Weak Reference
    _fp_trap_shutdown                         - Undefined Weak Reference
    _get_lc_collate                           - Undefined Weak Reference
    _get_lc_monetary                          - Undefined Weak Reference
    _get_lc_time                              - Undefined Weak Reference
    _getenv_init                              - Undefined Weak Reference
    _handle_redirection                       - Undefined Weak Reference
    _initio                                   - Undefined Weak Reference
    _mutex_acquire                            - Undefined Weak Reference
    _mutex_free                               - Undefined Weak Reference
    _mutex_release                            - Undefined Weak Reference
    _printf_fp_hex                            - Undefined Weak Reference
    _printf_mbtowc                            - Undefined Weak Reference
    _printf_wc                                - Undefined Weak Reference
    _rand_init                                - Undefined Weak Reference
    _signal_finish                            - Undefined Weak Reference
    _signal_init                              - Undefined Weak Reference
    _terminateio                              - Undefined Weak Reference
    __Vectors_Size                           0x000000ec   Number         0  startup_stm32f10x_md.o ABSOLUTE
    __Vectors                                0x08000000   Data           4  startup_stm32f10x_md.o(RESET)
    __Vectors_End                            0x080000ec   Data           0  startup_stm32f10x_md.o(RESET)
    __main                                   0x080000ed   Thumb Code     8  __main.o(!!!main)
    __scatterload                            0x080000f5   Thumb Code     0  __scatter.o(!!!scatter)
    __scatterload_rt2                        0x080000f5   Thumb Code    44  __scatter.o(!!!scatter)
    __scatterload_rt2_thumb_only             0x080000f5   Thumb Code     0  __scatter.o(!!!scatter)
    __scatterload_null                       0x08000103   Thumb Code     0  __scatter.o(!!!scatter)
    __decompress                             0x08000129   Thumb Code    90  __dczerorl2.o(!!dczerorl2)
    __decompress1                            0x08000129   Thumb Code     0  __dczerorl2.o(!!dczerorl2)
    __scatterload_zeroinit                   0x08000185   Thumb Code    28  __scatter_zi.o(!!handler_zi)
    _printf_d                                0x080001a1   Thumb Code     0  _printf_d.o(.ARM.Collect$$_printf_percent$$00000009)
    _printf_percent                          0x080001a1   Thumb Code     0  _printf_percent.o(.ARM.Collect$$_printf_percent$$00000000)
    _printf_s                                0x080001a7   Thumb Code     0  _printf_s.o(.ARM.Collect$$_printf_percent$$00000014)
    _printf_percent_end                      0x080001ad   Thumb Code     0  _printf_percent_end.o(.ARM.Collect$$_printf_percent$$00000017)
    __rt_lib_init                            0x080001b1   Thumb Code     0  libinit.o(.ARM.Collect$$libinit$$00000000)
    __rt_lib_init_fp_1                       0x080001b3   Thumb Code     0  libinit2.o(.ARM.Collect$$libinit$$00000002)
    __rt_lib_init_heap_1                     0x080001b3   Thumb Code     0  libinit2.o(.ARM.Collect$$libinit$$0000000A)
    __rt_lib_init_lc_common                  0x080001b3   Thumb Code     0  libinit2.o(.ARM.Collect$$libinit$$0000000F)
    __rt_lib_init_preinit_1                  0x080001b3   Thumb Code     0  libinit2.o(.ARM.Collect$$libinit$$00000004)
    __rt_lib_init_rand_1                     0x080001b3   Thumb Code     0  libinit2.o(.ARM.Collect$$libinit$$0000000E)
    __rt_lib_init_user_alloc_1               0x080001b3   Thumb Code     0  libinit2.o(.ARM.Collect$$libinit$$0000000C)
    __rt_lib_init_lc_collate_1               0x080001b9   Thumb Code     0  libinit2.o(.ARM.Collect$$libinit$$00000011)
    __rt_lib_init_lc_ctype_2                 0x080001b9   Thumb Code     0  libinit2.o(.ARM.Collect$$libinit$$00000012)
    __rt_lib_init_alloca_1                   0x080001c5   Thumb Code     0  libinit2.o(.ARM.Collect$$libinit$$0000002E)
    __rt_lib_init_argv_1                     0x080001c5   Thumb Code     0  libinit2.o(.ARM.Collect$$libinit$$0000002C)
    __rt_lib_init_atexit_1                   0x080001c5   Thumb Code     0  libinit2.o(.ARM.Collect$$libinit$$0000001B)
    __rt_lib_init_clock_1                    0x080001c5   Thumb Code     0  libinit2.o(.ARM.Collect$$libinit$$00000021)
    __rt_lib_init_cpp_1                      0x080001c5   Thumb Code     0  libinit2.o(.ARM.Collect$$libinit$$00000032)
    __rt_lib_init_exceptions_1               0x080001c5   Thumb Code     0  libinit2.o(.ARM.Collect$$libinit$$00000030)
    __rt_lib_init_fp_trap_1                  0x080001c5   Thumb Code     0  libinit2.o(.ARM.Collect$$libinit$$0000001F)
    __rt_lib_init_getenv_1                   0x080001c5   Thumb Code     0  libinit2.o(.ARM.Collect$$libinit$$00000023)
    __rt_lib_init_lc_ctype_1                 0x080001c5   Thumb Code     0  libinit2.o(.ARM.Collect$$libinit$$00000013)
    __rt_lib_init_lc_monetary_1              0x080001c5   Thumb Code     0  libinit2.o(.ARM.Collect$$libinit$$00000015)
    __rt_lib_init_lc_numeric_1               0x080001c5   Thumb Code     0  libinit2.o(.ARM.Collect$$libinit$$00000017)
    __rt_lib_init_lc_time_1                  0x080001c5   Thumb Code     0  libinit2.o(.ARM.Collect$$libinit$$00000019)
    __rt_lib_init_return                     0x080001c5   Thumb Code     0  libinit2.o(.ARM.Collect$$libinit$$00000033)
    __rt_lib_init_signal_1                   0x080001c5   Thumb Code     0  libinit2.o(.ARM.Collect$$libinit$$0000001D)
    __rt_lib_init_stdio_1                    0x080001c5   Thumb Code     0  libinit2.o(.ARM.Collect$$libinit$$00000025)
    __rt_lib_shutdown                        0x080001c7   Thumb Code     0  libshutdown.o(.ARM.Collect$$libshutdown$$00000000)
    __rt_lib_shutdown_cpp_1                  0x080001c9   Thumb Code     0  libshutdown2.o(.ARM.Collect$$libshutdown$$00000004)
    __rt_lib_shutdown_fini_1                 0x080001c9   Thumb Code     0  libshutdown2.o(.ARM.Collect$$libshutdown$$00000002)
    __rt_lib_shutdown_fp_trap_1              0x080001c9   Thumb Code     0  libshutdown2.o(.ARM.Collect$$libshutdown$$00000009)
    __rt_lib_shutdown_heap_1                 0x080001c9   Thumb Code     0  libshutdown2.o(.ARM.Collect$$libshutdown$$00000011)
    __rt_lib_shutdown_return                 0x080001c9   Thumb Code     0  libshutdown2.o(.ARM.Collect$$libshutdown$$00000012)
    __rt_lib_shutdown_signal_1               0x080001c9   Thumb Code     0  libshutdown2.o(.ARM.Collect$$libshutdown$$0000000C)
    __rt_lib_shutdown_stdio_1                0x080001c9   Thumb Code     0  libshutdown2.o(.ARM.Collect$$libshutdown$$00000006)
    __rt_lib_shutdown_user_alloc_1           0x080001c9   Thumb Code     0  libshutdown2.o(.ARM.Collect$$libshutdown$$0000000E)
    __rt_entry                               0x080001cb   Thumb Code     0  __rtentry.o(.ARM.Collect$$rtentry$$00000000)
    __rt_entry_presh_1                       0x080001cb   Thumb Code     0  __rtentry2.o(.ARM.Collect$$rtentry$$00000002)
    __rt_entry_sh                            0x080001cb   Thumb Code     0  __rtentry4.o(.ARM.Collect$$rtentry$$00000004)
    __rt_entry_li                            0x080001d1   Thumb Code     0  __rtentry2.o(.ARM.Collect$$rtentry$$0000000A)
    __rt_entry_postsh_1                      0x080001d1   Thumb Code     0  __rtentry2.o(.ARM.Collect$$rtentry$$00000009)
    __rt_entry_main                          0x080001d5   Thumb Code     0  __rtentry2.o(.ARM.Collect$$rtentry$$0000000D)
    __rt_entry_postli_1                      0x080001d5   Thumb Code     0  __rtentry2.o(.ARM.Collect$$rtentry$$0000000C)
    __rt_exit                                0x080001dd   Thumb Code     0  rtexit.o(.ARM.Collect$$rtexit$$00000000)
    __rt_exit_ls                             0x080001df   Thumb Code     0  rtexit2.o(.ARM.Collect$$rtexit$$00000003)
    __rt_exit_prels_1                        0x080001df   Thumb Code     0  rtexit2.o(.ARM.Collect$$rtexit$$00000002)
    __rt_exit_exit                           0x080001e3   Thumb Code     0  rtexit2.o(.ARM.Collect$$rtexit$$00000004)
    Reset_Handler                            0x080001e9   Thumb Code     8  startup_stm32f10x_md.o(.text)
    ADC1_2_IRQHandler                        0x08000203   Thumb Code     0  startup_stm32f10x_md.o(.text)
    CAN1_RX1_IRQHandler                      0x08000203   Thumb Code     0  startup_stm32f10x_md.o(.text)
    CAN1_SCE_IRQHandler                      0x08000203   Thumb Code     0  startup_stm32f10x_md.o(.text)
    DMA1_Channel1_IRQHandler                 0x08000203   Thumb Code     0  startup_stm32f10x_md.o(.text)
    DMA1_Channel2_IRQHandler                 0x08000203   Thumb Code     0  startup_stm32f10x_md.o(.text)
    DMA1_Channel3_IRQHandler                 0x08000203   Thumb Code     0  startup_stm32f10x_md.o(.text)
    DMA1_Channel4_IRQHandler                 0x08000203   Thumb Code     0  startup_stm32f10x_md.o(.text)
    DMA1_Channel5_IRQHandler                 0x08000203   Thumb Code     0  startup_stm32f10x_md.o(.text)
    DMA1_Channel6_IRQHandler                 0x08000203   Thumb Code     0  startup_stm32f10x_md.o(.text)
    DMA1_Channel7_IRQHandler                 0x08000203   Thumb Code     0  startup_stm32f10x_md.o(.text)
    EXTI0_IRQHandler                         0x08000203   Thumb Code     0  startup_stm32f10x_md.o(.text)
    EXTI1_IRQHandler                         0x08000203   Thumb Code     0  startup_stm32f10x_md.o(.text)
    EXTI2_IRQHandler                         0x08000203   Thumb Code     0  startup_stm32f10x_md.o(.text)
    EXTI3_IRQHandler                         0x08000203   Thumb Code     0  startup_stm32f10x_md.o(.text)
    EXTI4_IRQHandler                         0x08000203   Thumb Code     0  startup_stm32f10x_md.o(.text)
    FLASH_IRQHandler                         0x08000203   Thumb Code     0  startup_stm32f10x_md.o(.text)
    I2C1_ER_IRQHandler                       0x08000203   Thumb Code     0  startup_stm32f10x_md.o(.text)
    I2C1_EV_IRQHandler                       0x08000203   Thumb Code     0  startup_stm32f10x_md.o(.text)
    I2C2_ER_IRQHandler                       0x08000203   Thumb Code     0  startup_stm32f10x_md.o(.text)
    I2C2_EV_IRQHandler                       0x08000203   Thumb Code     0  startup_stm32f10x_md.o(.text)
    PVD_IRQHandler                           0x08000203   Thumb Code     0  startup_stm32f10x_md.o(.text)
    RCC_IRQHandler                           0x08000203   Thumb Code     0  startup_stm32f10x_md.o(.text)
    SPI1_IRQHandler                          0x08000203   Thumb Code     0  startup_stm32f10x_md.o(.text)
    SPI2_IRQHandler                          0x08000203   Thumb Code     0  startup_stm32f10x_md.o(.text)
    TAMPER_IRQHandler                        0x08000203   Thumb Code     0  startup_stm32f10x_md.o(.text)
    TIM1_BRK_IRQHandler                      0x08000203   Thumb Code     0  startup_stm32f10x_md.o(.text)
    TIM1_CC_IRQHandler                       0x08000203   Thumb Code     0  startup_stm32f10x_md.o(.text)
    TIM1_TRG_COM_IRQHandler                  0x08000203   Thumb Code     0  startup_stm32f10x_md.o(.text)
    TIM1_UP_IRQHandler                       0x08000203   Thumb Code     0  startup_stm32f10x_md.o(.text)
    TIM2_IRQHandler                          0x08000203   Thumb Code     0  startup_stm32f10x_md.o(.text)
    TIM3_IRQHandler                          0x08000203   Thumb Code     0  startup_stm32f10x_md.o(.text)
    TIM4_IRQHandler                          0x08000203   Thumb Code     0  startup_stm32f10x_md.o(.text)
    USART1_IRQHandler                        0x08000203   Thumb Code     0  startup_stm32f10x_md.o(.text)
    USART3_IRQHandler                        0x08000203   Thumb Code     0  startup_stm32f10x_md.o(.text)
    USBWakeUp_IRQHandler                     0x08000203   Thumb Code     0  startup_stm32f10x_md.o(.text)
    USB_HP_CAN1_TX_IRQHandler                0x08000203   Thumb Code     0  startup_stm32f10x_md.o(.text)
    USB_LP_CAN1_RX0_IRQHandler               0x08000203   Thumb Code     0  startup_stm32f10x_md.o(.text)
    WWDG_IRQHandler                          0x08000203   Thumb Code     0  startup_stm32f10x_md.o(.text)
    __user_initial_stackheap                 0x08000205   Thumb Code     0  startup_stm32f10x_md.o(.text)
    __2sprintf                               0x08000229   Thumb Code    38  __2sprintf.o(.text)
    _printf_pre_padding                      0x08000255   Thumb Code    44  _printf_pad.o(.text)
    _printf_post_padding                     0x08000281   Thumb Code    34  _printf_pad.o(.text)
    _printf_str                              0x080002a3   Thumb Code    82  _printf_str.o(.text)
    _printf_int_dec                          0x080002f5   Thumb Code   104  _printf_dec.o(.text)
    __printf                                 0x0800036d   Thumb Code   388  __printf_flags_ss_wp.o(.text)
    atoi                                     0x080004f5   Thumb Code    26  atoi.o(.text)
    __aeabi_memcpy4                          0x0800050f   Thumb Code     0  rt_memcpy_w.o(.text)
    __aeabi_memcpy8                          0x0800050f   Thumb Code     0  rt_memcpy_w.o(.text)
    __rt_memcpy_w                            0x0800050f   Thumb Code   100  rt_memcpy_w.o(.text)
    _memcpy_lastbytes_aligned                0x08000557   Thumb Code     0  rt_memcpy_w.o(.text)
    localtime                                0x08000575   Thumb Code     6  localtime.o(.text)
    mktime                                   0x080005bf   Thumb Code   356  mktime.o(.text)
    __use_two_region_memory                  0x0800072d   Thumb Code     2  heapauxi.o(.text)
    __rt_heap_escrow                         0x0800072f   Thumb Code     2  heapauxi.o(.text)
    __rt_heap_expand                         0x08000731   Thumb Code     2  heapauxi.o(.text)
    __aeabi_errno_addr                       0x08000735   Thumb Code     8  rt_errno_addr_intlibspace.o(.text)
    __errno$intlibspace                      0x08000735   Thumb Code     0  rt_errno_addr_intlibspace.o(.text)
    __rt_errno_addr$intlibspace              0x08000735   Thumb Code     0  rt_errno_addr_intlibspace.o(.text)
    _printf_int_common                       0x0800073d   Thumb Code   178  _printf_intcommon.o(.text)
    _printf_char_common                      0x080007fb   Thumb Code    32  _printf_char_common.o(.text)
    _sputc                                   0x08000821   Thumb Code    10  _sputc.o(.text)
    _printf_cs_common                        0x0800082b   Thumb Code    20  _printf_char.o(.text)
    _printf_char                             0x0800083f   Thumb Code    16  _printf_char.o(.text)
    _printf_string                           0x0800084f   Thumb Code     8  _printf_char.o(.text)
    strtol                                   0x08000857   Thumb Code   112  strtol.o(.text)
    _localtime_r                             0x080008c9   Thumb Code   178  localtime_internal.o(.text)
    _n$localtime_r                           0x080008c9   Thumb Code     0  localtime_internal.o(.text)
    __user_libspace                          0x08000981   Thumb Code     8  libspace.o(.text)
    __user_perproc_libspace                  0x08000981   Thumb Code     0  libspace.o(.text)
    __user_perthread_libspace                0x08000981   Thumb Code     0  libspace.o(.text)
    __rt_ctype_table                         0x08000989   Thumb Code    16  rt_ctype_table.o(.text)
    _strtoul                                 0x08000999   Thumb Code   158  _strtoul.o(.text)
    __aeabi_memclr4                          0x08000a37   Thumb Code     0  rt_memclr_w.o(.text)
    __aeabi_memclr8                          0x08000a37   Thumb Code     0  rt_memclr_w.o(.text)
    __rt_memclr_w                            0x08000a37   Thumb Code    78  rt_memclr_w.o(.text)
    _memset_w                                0x08000a3b   Thumb Code     0  rt_memclr_w.o(.text)
    __user_setup_stackheap                   0x08000a85   Thumb Code    74  sys_stackheap_outer.o(.text)
    __rt_locale                              0x08000ad1   Thumb Code     8  rt_locale_intlibspace.o(.text)
    _chval                                   0x08000ad9   Thumb Code    28  _chval.o(.text)
    exit                                     0x08000af5   Thumb Code    18  exit.o(.text)
    _sys_exit                                0x08000b09   Thumb Code     8  sys_exit.o(.text)
    strcmp                                   0x08000b15   Thumb Code   128  strcmpv7m.o(.text)
    __I$use$semihosting                      0x08000b95   Thumb Code     0  use_no_semi.o(.text)
    __use_no_semihosting_swi                 0x08000b95   Thumb Code     2  use_no_semi.o(.text)
    AT24CXX_Init                             0x08000b97   Thumb Code     8  at24cxx.o(i.AT24CXX_Init)
    __semihosting_library_function           0x08000b97   Thumb Code     0  indicate_semi.o(.text)
    AT24CXX_Read                             0x08000b9f   Thumb Code    34  at24cxx.o(i.AT24CXX_Read)
    AT24CXX_ReadOneByte                      0x08000bc1   Thumb Code    84  at24cxx.o(i.AT24CXX_ReadOneByte)
    AT24CXX_Write                            0x08000c15   Thumb Code    36  at24cxx.o(i.AT24CXX_Write)
    AT24CXX_WriteLenByte                     0x08000c39   Thumb Code    42  at24cxx.o(i.AT24CXX_WriteLenByte)
    AT24CXX_WriteOneByte                     0x08000c63   Thumb Code    76  at24cxx.o(i.AT24CXX_WriteOneByte)
    BKP_ReadBackupRegister                   0x08000cb1   Thumb Code    24  stm32f10x_bkp.o(i.BKP_ReadBackupRegister)
    BKP_WriteBackupRegister                  0x08000ccd   Thumb Code    22  stm32f10x_bkp.o(i.BKP_WriteBackupRegister)
    BusFault_Handler                         0x08000ce9   Thumb Code     4  stm32f10x_it.o(i.BusFault_Handler)
    DebugMon_Handler                         0x08000ced   Thumb Code     2  stm32f10x_it.o(i.DebugMon_Handler)
    DisplayButtonDown                        0x08000cef   Thumb Code   130  gui.o(i.DisplayButtonDown)
    DisplayButtonUp                          0x08000d71   Thumb Code   130  gui.o(i.DisplayButtonUp)
    DisplayButtonWithState                   0x08000df3   Thumb Code    48  gui.o(i.DisplayButtonWithState)
    DrawAppMenu                              0x08000e25   Thumb Code   744  app.o(i.DrawAppMenu)
    EXTI15_10_IRQHandler                     0x08001151   Thumb Code   136  exti.o(i.EXTI15_10_IRQHandler)
    EXTI9_5_IRQHandler                       0x080011ed   Thumb Code    72  exti.o(i.EXTI9_5_IRQHandler)
    EXTI_ClearITPendingBit                   0x08001239   Thumb Code     6  stm32f10x_exti.o(i.EXTI_ClearITPendingBit)
    EXTI_GetITStatus                         0x08001245   Thumb Code    34  stm32f10x_exti.o(i.EXTI_GetITStatus)
    EXTI_Init                                0x0800126d   Thumb Code   142  stm32f10x_exti.o(i.EXTI_Init)
    ExtiScreenLightChecker                   0x08001301   Thumb Code    36  app.o(i.ExtiScreenLightChecker)
    GPIO_EXTILineConfig                      0x08001331   Thumb Code    60  stm32f10x_gpio.o(i.GPIO_EXTILineConfig)
    GPIO_Init                                0x08001371   Thumb Code   278  stm32f10x_gpio.o(i.GPIO_Init)
    GPIO_PinRemapConfig                      0x08001489   Thumb Code   138  stm32f10x_gpio.o(i.GPIO_PinRemapConfig)
    GPIO_ReadInputDataBit                    0x08001519   Thumb Code    18  stm32f10x_gpio.o(i.GPIO_ReadInputDataBit)
    GPIO_ReadOutputDataBit                   0x0800152b   Thumb Code    18  stm32f10x_gpio.o(i.GPIO_ReadOutputDataBit)
    GPIO_ResetBits                           0x0800153d   Thumb Code     4  stm32f10x_gpio.o(i.GPIO_ResetBits)
    GPIO_SetBits                             0x08001541   Thumb Code     4  stm32f10x_gpio.o(i.GPIO_SetBits)
    GPIO_WriteBit                            0x08001545   Thumb Code    10  stm32f10x_gpio.o(i.GPIO_WriteBit)
    Gui_DrawFont_ASC16Ex                     0x0800154f   Thumb Code    52  gui.o(i.Gui_DrawFont_ASC16Ex)
    Gui_DrawFont_GBK16                       0x08001583   Thumb Code    38  gui.o(i.Gui_DrawFont_GBK16)
    Gui_DrawFont_GBK16Core                   0x080015a9   Thumb Code   400  gui.o(i.Gui_DrawFont_GBK16Core)
    Gui_DrawFont_GBK16_Spec                  0x08001741   Thumb Code    38  gui.o(i.Gui_DrawFont_GBK16_Spec)
    Gui_DrawFont_Num32                       0x08001769   Thumb Code   124  gui.o(i.Gui_DrawFont_Num32)
    Gui_DrawLine                             0x080017e9   Thumb Code   186  gui.o(i.Gui_DrawLine)
    Gui_DrawPoint                            0x080018a3   Thumb Code    32  lcd_driver.o(i.Gui_DrawPoint)
    Gui_Fill                                 0x080018c3   Thumb Code    80  gui.o(i.Gui_Fill)
    HardFault_Handler                        0x08001913   Thumb Code     4  stm32f10x_it.o(i.HardFault_Handler)
    LCD_GPIO_Init                            0x08001b51   Thumb Code    58  lcd_driver.o(i.LCD_GPIO_Init)
    LCD_WriteData_16Bit                      0x08001b95   Thumb Code    32  lcd_driver.o(i.LCD_WriteData_16Bit)
    Lcd_Clear                                0x08001bb9   Thumb Code    50  lcd_driver.o(i.Lcd_Clear)
    Lcd_Init                                 0x08001beb   Thumb Code   584  lcd_driver.o(i.Lcd_Init)
    Lcd_Reset                                0x08001e35   Thumb Code    30  lcd_driver.o(i.Lcd_Reset)
    Lcd_SetRegion                            0x08001e59   Thumb Code    86  lcd_driver.o(i.Lcd_SetRegion)
    Lcd_SetXY                                0x08001eaf   Thumb Code    20  lcd_driver.o(i.Lcd_SetXY)
    Lcd_WriteData                            0x08001ec5   Thumb Code    26  lcd_driver.o(i.Lcd_WriteData)
    Lcd_WriteIndex                           0x08001ee5   Thumb Code    26  lcd_driver.o(i.Lcd_WriteIndex)
    MemManage_Handler                        0x08001f05   Thumb Code     4  stm32f10x_it.o(i.MemManage_Handler)
    MyRTC_Init                               0x08001f09   Thumb Code   114  myrtc.o(i.MyRTC_Init)
    MyRTC_ReadTime                           0x08001f7d   Thumb Code    68  myrtc.o(i.MyRTC_ReadTime)
    MyRTC_SetTime                            0x08001fc5   Thumb Code   232  myrtc.o(i.MyRTC_SetTime)
    MySPI_Init                               0x080020b1   Thumb Code   148  myspi_lcd.o(i.MySPI_Init)
    MySPI_Start                              0x0800214d   Thumb Code    10  myspi_lcd.o(i.MySPI_Start)
    MySPI_Stop                               0x08002157   Thumb Code    10  myspi_lcd.o(i.MySPI_Stop)
    MySPI_SwapByte                           0x08002161   Thumb Code    26  myspi_lcd.o(i.MySPI_SwapByte)
    MySPI_W_SS                               0x08002181   Thumb Code    16  myspi_lcd.o(i.MySPI_W_SS)
    NMI_Handler                              0x08002195   Thumb Code     2  stm32f10x_it.o(i.NMI_Handler)
    NVIC_Init                                0x08002199   Thumb Code   100  misc.o(i.NVIC_Init)
    NVIC_PriorityGroupConfig                 0x08002209   Thumb Code    10  misc.o(i.NVIC_PriorityGroupConfig)
    PWR_BackupAccessCmd                      0x0800221d   Thumb Code     6  stm32f10x_pwr.o(i.PWR_BackupAccessCmd)
    PWR_EnterSTOPMode                        0x08002229   Thumb Code    54  stm32f10x_pwr.o(i.PWR_EnterSTOPMode)
    PWR_WakeUpPinCmd                         0x08002269   Thumb Code     6  stm32f10x_pwr.o(i.PWR_WakeUpPinCmd)
    PendSV_Handler                           0x08002275   Thumb Code     2  stm32f10x_it.o(i.PendSV_Handler)
    RCC_APB1PeriphClockCmd                   0x08002279   Thumb Code    26  stm32f10x_rcc.o(i.RCC_APB1PeriphClockCmd)
    RCC_APB2PeriphClockCmd                   0x08002299   Thumb Code    26  stm32f10x_rcc.o(i.RCC_APB2PeriphClockCmd)
    RCC_GetFlagStatus                        0x080022b9   Thumb Code    56  stm32f10x_rcc.o(i.RCC_GetFlagStatus)
    RCC_LSEConfig                            0x080022f5   Thumb Code    46  stm32f10x_rcc.o(i.RCC_LSEConfig)
    RCC_RTCCLKCmd                            0x08002329   Thumb Code     6  stm32f10x_rcc.o(i.RCC_RTCCLKCmd)
    RCC_RTCCLKConfig                         0x08002335   Thumb Code    12  stm32f10x_rcc.o(i.RCC_RTCCLKConfig)
    RTCAlarm_IRQHandler                      0x08002345   Thumb Code    42  myalarm.o(i.RTCAlarm_IRQHandler)
    RTC_ClearITPendingBit                    0x08002371   Thumb Code    12  stm32f10x_rtc.o(i.RTC_ClearITPendingBit)
    RTC_EnterConfigMode                      0x08002381   Thumb Code    14  stm32f10x_rtc.o(i.RTC_EnterConfigMode)
    RTC_ExitConfigMode                       0x08002395   Thumb Code    16  stm32f10x_rtc.o(i.RTC_ExitConfigMode)
    RTC_GetCounter                           0x080023a9   Thumb Code    16  stm32f10x_rtc.o(i.RTC_GetCounter)
    RTC_GetITStatus                          0x080023bd   Thumb Code    32  stm32f10x_rtc.o(i.RTC_GetITStatus)
    RTC_IRQHandler                           0x080023e1   Thumb Code    18  myalarm.o(i.RTC_IRQHandler)
    RTC_ITConfig                             0x080023f5   Thumb Code    26  stm32f10x_rtc.o(i.RTC_ITConfig)
    RTC_SetAlarm                             0x08002415   Thumb Code    24  stm32f10x_rtc.o(i.RTC_SetAlarm)
    RTC_SetCounter                           0x08002431   Thumb Code    24  stm32f10x_rtc.o(i.RTC_SetCounter)
    RTC_SetPrescaler                         0x0800244d   Thumb Code    26  stm32f10x_rtc.o(i.RTC_SetPrescaler)
    RTC_WaitForLastTask                      0x0800246d   Thumb Code    16  stm32f10x_rtc.o(i.RTC_WaitForLastTask)
    RTC_WaitForSynchro                       0x08002481   Thumb Code    30  stm32f10x_rtc.o(i.RTC_WaitForSynchro)
    SPI_Cmd                                  0x080024e5   Thumb Code    24  stm32f10x_spi.o(i.SPI_Cmd)
    SPI_I2S_GetFlagStatus                    0x080024fd   Thumb Code    18  stm32f10x_spi.o(i.SPI_I2S_GetFlagStatus)
    SPI_Init                                 0x0800250f   Thumb Code    60  stm32f10x_spi.o(i.SPI_Init)
    SPI_WriteData                            0x0800254b   Thumb Code    12  lcd_driver.o(i.SPI_WriteData)
    SVC_Handler                              0x08002557   Thumb Code     2  stm32f10x_it.o(i.SVC_Handler)
    SysTick_Handler                          0x08002641   Thumb Code     2  stm32f10x_it.o(i.SysTick_Handler)
    SystemInit                               0x08002645   Thumb Code    78  system_stm32f10x.o(i.SystemInit)
    USART2_IRQHandler                        0x080026a5   Thumb Code   138  serial.o(i.USART2_IRQHandler)
    USART_ClearITPendingBit                  0x08002745   Thumb Code    30  stm32f10x_usart.o(i.USART_ClearITPendingBit)
    USART_GetITStatus                        0x08002763   Thumb Code    84  stm32f10x_usart.o(i.USART_GetITStatus)
    USART_ReceiveData                        0x080027b7   Thumb Code    10  stm32f10x_usart.o(i.USART_ReceiveData)
    UsageFault_Handler                       0x080027c1   Thumb Code     4  stm32f10x_it.o(i.UsageFault_Handler)
    ShowAppMenu()                            0x08002b89   Thumb Code   328  app.o(i._Z11ShowAppMenuv)
    KeyboardInit()                           0x08002d21   Thumb Code   470  app.o(i._Z12KeyboardInitv)
    MyAlarm_Init()                           0x08002f11   Thumb Code   222  myalarm.o(i._Z12MyAlarm_Initv)
    RunUIHandler()                           0x08002ff9   Thumb Code   232  app.o(i._Z12RunUIHandlerv)
    RunApplication()                         0x080030e5   Thumb Code   386  app.o(i._Z14RunApplicationv)
    MyAlarm_CheckAlarm()                     0x0800335d   Thumb Code   196  myalarm.o(i._Z18MyAlarm_CheckAlarmv)
    DrawSubMenu_AlarmUI(char)                0x08003441   Thumb Code    52  myalarm.o(i._Z19DrawSubMenu_AlarmUIc)
    DrawSubMenu_Factory(char)                0x08003485   Thumb Code   374  app.o(i._Z19DrawSubMenu_Factoryc)
    DrawSubMenu_Settings(char)               0x08003635   Thumb Code  1570  app.o(i._Z20DrawSubMenu_Settingsc)
    GpsTimeUpdateService()                   0x08003cb1   Thumb Code   370  apps_ext.o(i._Z20GpsTimeUpdateServicev)
    DrawSubMenu_Application(char)            0x08003e65   Thumb Code   914  app.o(i._Z23DrawSubMenu_Applicationc)
    DrawSubMenu_AlarmManager(char)           0x080043c5   Thumb Code   222  myalarm.o(i._Z24DrawSubMenu_AlarmManagerc)
    WaitKey(GPIO_TypeDef*, unsigned short, bool) 0x080044c9   Thumb Code    76  app.o(i._Z7WaitKeyP12GPIO_TypeDeftb)
    app_Timer()                              0x08004515   Thumb Code   340  apps_ext.o(i._Z9app_Timerv)
    MenuRoutine::GetRetValueFromMenu(unsigned*) 0x08004685   Thumb Code   308  menu.o(i._ZN11MenuRoutine19GetRetValueFromMenuEPj)
    MenuRoutine::DrawMenu(bool)              0x080047c1   Thumb Code   332  menu.o(i._ZN11MenuRoutine8DrawMenuEb)
    MenuRoutine::InitMenu(MenuData*, unsigned) 0x08004941   Thumb Code    18  menu.o(i._ZN11MenuRoutine8InitMenuEP8MenuDataj)
    MenuRoutine::MenuRoutine()               0x08004955   Thumb Code    30  app.o(i._ZN11MenuRoutineC1Ev)
    MenuRoutine::MenuRoutine__sub_object()   0x08004955   Thumb Code     0  app.o(i._ZN11MenuRoutineC1Ev)
    MenuBase::AntiTik(GPIO_TypeDef*, unsigned short) 0x08004979   Thumb Code    34  menu.o(i._ZN8MenuBase7AntiTikEP12GPIO_TypeDeft)
    __cxa_guard_acquire                      0x0800499b   Thumb Code    16  cxa_guard_acquire.o(i.__cxa_guard_acquire)
    _is_digit                                0x080049ab   Thumb Code    14  __printf_wp.o(i._is_digit)
    delay_init                               0x080049b9   Thumb Code    56  delay.o(i.delay_init)
    delay_ms                                 0x080049f9   Thumb Code    56  delay.o(i.delay_ms)
    delay_us                                 0x08004a35   Thumb Code    56  delay.o(i.delay_us)
    main                                     0x08004a71   Thumb Code   250  main.o(i.main)
    _get_lc_ctype                            0x08004b79   Thumb Code    44  lc_ctype_c.o(locale$$code)
    asc16                                    0x08004ba4   Data        1505  gui.o(.constdata)
    sz32                                     0x08005185   Data        1281  gui.o(.constdata)
    hz16                                     0x08005686   Data         340  gui.o(.constdata)
    hz24                                     0x080057da   Data          74  gui.o(.constdata)
    _monlen                                  0x0800f83d   Data          12  _monlen.o(.constdata)
    vtable for MenuRoutine                   0x0800f84c   Data          12  app.o(.constdata__ZTV11MenuRoutine)
    Region$$Table$$Base                      0x0800f858   Number         0  anon$$obj.o(Region$$Table)
    Region$$Table$$Limit                     0x0800f878   Number         0  anon$$obj.o(Region$$Table)
    __ctype                                  0x0800f885   Data           0  lc_ctype_c.o(locale$$data)
    my_lcd_mode                              0x20000004   Data           4  app.o(.data)
    my_ext_gpsTimeUpdateService              0x20000010   Data           4  app.o(.data)
    my_TimeZone                              0x20000014   Data           2  app.o(.data)
    DebugMode                                0x20000016   Data           1  app.o(.data)
    nUIState                                 0x20000018   Data           4  app.o(.data)
    SubMenu_Application                      0x2000001c   Data         576  app.o(.data)
    SubMenu_Factory                          0x2000025c   Data         192  app.o(.data)
    SubMenu_Settings                         0x2000031c   Data         576  app.o(.data)
    MyRTC_Time                               0x2000056c   Data          12  myrtc.o(.data)
    SubMenu_AlarmManager                     0x20000578   Data        1344  myalarm.o(.data)
    Serial_RxFlag                            0x20000ac4   Data           1  serial.o(.data)
    rtcDate                                  0x20000ac8   Data          12  app.o(.bss)
    myAlarms                                 0x20000b40   Data         320  myalarm.o(.bss)
    Serial_RxPacket                          0x20000ca4   Data         100  serial.o(.bss)
    __libspace_start                         0x20000d34   Data          96  libspace.o(.bss)
    __temporary_stack_top$libspace           0x20000d94   Data           0  libspace.o(.bss)



==============================================================================

Memory Map of the image

  Image Entry point : 0x080000ed

  Load Region LR_IROM1 (Base: 0x08000000, Size: 0x00010450, Max: 0x00010000, ABSOLUTE, COMPRESSED[0x0000fb48])

    Execution Region ER_IROM1 (Exec base: 0x08000000, Load base: 0x08000000, Size: 0x0000f988, Max: 0x00010000, ABSOLUTE)

    Exec Addr    Load Addr    Size         Type   Attr      Idx    E Section Name        Object

    0x08000000   0x08000000   0x000000ec   Data   RO            3    RESET               startup_stm32f10x_md.o
    0x080000ec   0x080000ec   0x00000008   Code   RO         4277  * !!!main             c_w.l(__main.o)
    0x080000f4   0x080000f4   0x00000034   Code   RO         4836    !!!scatter          c_w.l(__scatter.o)
    0x08000128   0x08000128   0x0000005a   Code   RO         4834    !!dczerorl2         c_w.l(__dczerorl2.o)
    0x08000182   0x08000182   0x00000002   PAD
    0x08000184   0x08000184   0x0000001c   Code   RO         4838    !!handler_zi        c_w.l(__scatter_zi.o)
    0x080001a0   0x080001a0   0x00000000   Code   RO         4265    .ARM.Collect$$_printf_percent$$00000000  c_w.l(_printf_percent.o)
    0x080001a0   0x080001a0   0x00000006   Code   RO         4264    .ARM.Collect$$_printf_percent$$00000009  c_w.l(_printf_d.o)
    0x080001a6   0x080001a6   0x00000006   Code   RO         4263    .ARM.Collect$$_printf_percent$$00000014  c_w.l(_printf_s.o)
    0x080001ac   0x080001ac   0x00000004   Code   RO         4452    .ARM.Collect$$_printf_percent$$00000017  c_w.l(_printf_percent_end.o)
    0x080001b0   0x080001b0   0x00000002   Code   RO         4641    .ARM.Collect$$libinit$$00000000  c_w.l(libinit.o)
    0x080001b2   0x080001b2   0x00000000   Code   RO         4696    .ARM.Collect$$libinit$$00000002  c_w.l(libinit2.o)
    0x080001b2   0x080001b2   0x00000000   Code   RO         4698    .ARM.Collect$$libinit$$00000004  c_w.l(libinit2.o)
    0x080001b2   0x080001b2   0x00000000   Code   RO         4701    .ARM.Collect$$libinit$$0000000A  c_w.l(libinit2.o)
    0x080001b2   0x080001b2   0x00000000   Code   RO         4703    .ARM.Collect$$libinit$$0000000C  c_w.l(libinit2.o)
    0x080001b2   0x080001b2   0x00000000   Code   RO         4705    .ARM.Collect$$libinit$$0000000E  c_w.l(libinit2.o)
    0x080001b2   0x080001b2   0x00000006   Code   RO         4706    .ARM.Collect$$libinit$$0000000F  c_w.l(libinit2.o)
    0x080001b8   0x080001b8   0x00000000   Code   RO         4708    .ARM.Collect$$libinit$$00000011  c_w.l(libinit2.o)
    0x080001b8   0x080001b8   0x0000000c   Code   RO         4709    .ARM.Collect$$libinit$$00000012  c_w.l(libinit2.o)
    0x080001c4   0x080001c4   0x00000000   Code   RO         4710    .ARM.Collect$$libinit$$00000013  c_w.l(libinit2.o)
    0x080001c4   0x080001c4   0x00000000   Code   RO         4712    .ARM.Collect$$libinit$$00000015  c_w.l(libinit2.o)
    0x080001c4   0x080001c4   0x00000000   Code   RO         4714    .ARM.Collect$$libinit$$00000017  c_w.l(libinit2.o)
    0x080001c4   0x080001c4   0x00000000   Code   RO         4716    .ARM.Collect$$libinit$$00000019  c_w.l(libinit2.o)
    0x080001c4   0x080001c4   0x00000000   Code   RO         4718    .ARM.Collect$$libinit$$0000001B  c_w.l(libinit2.o)
    0x080001c4   0x080001c4   0x00000000   Code   RO         4720    .ARM.Collect$$libinit$$0000001D  c_w.l(libinit2.o)
    0x080001c4   0x080001c4   0x00000000   Code   RO         4722    .ARM.Collect$$libinit$$0000001F  c_w.l(libinit2.o)
    0x080001c4   0x080001c4   0x00000000   Code   RO         4724    .ARM.Collect$$libinit$$00000021  c_w.l(libinit2.o)
    0x080001c4   0x080001c4   0x00000000   Code   RO         4726    .ARM.Collect$$libinit$$00000023  c_w.l(libinit2.o)
    0x080001c4   0x080001c4   0x00000000   Code   RO         4728    .ARM.Collect$$libinit$$00000025  c_w.l(libinit2.o)
    0x080001c4   0x080001c4   0x00000000   Code   RO         4732    .ARM.Collect$$libinit$$0000002C  c_w.l(libinit2.o)
    0x080001c4   0x080001c4   0x00000000   Code   RO         4734    .ARM.Collect$$libinit$$0000002E  c_w.l(libinit2.o)
    0x080001c4   0x080001c4   0x00000000   Code   RO         4736    .ARM.Collect$$libinit$$00000030  c_w.l(libinit2.o)
    0x080001c4   0x080001c4   0x00000000   Code   RO         4738    .ARM.Collect$$libinit$$00000032  c_w.l(libinit2.o)
    0x080001c4   0x080001c4   0x00000002   Code   RO         4739    .ARM.Collect$$libinit$$00000033  c_w.l(libinit2.o)
    0x080001c6   0x080001c6   0x00000002   Code   RO         4791    .ARM.Collect$$libshutdown$$00000000  c_w.l(libshutdown.o)
    0x080001c8   0x080001c8   0x00000000   Code   RO         4801    .ARM.Collect$$libshutdown$$00000002  c_w.l(libshutdown2.o)
    0x080001c8   0x080001c8   0x00000000   Code   RO         4803    .ARM.Collect$$libshutdown$$00000004  c_w.l(libshutdown2.o)
    0x080001c8   0x080001c8   0x00000000   Code   RO         4805    .ARM.Collect$$libshutdown$$00000006  c_w.l(libshutdown2.o)
    0x080001c8   0x080001c8   0x00000000   Code   RO         4808    .ARM.Collect$$libshutdown$$00000009  c_w.l(libshutdown2.o)
    0x080001c8   0x080001c8   0x00000000   Code   RO         4811    .ARM.Collect$$libshutdown$$0000000C  c_w.l(libshutdown2.o)
    0x080001c8   0x080001c8   0x00000000   Code   RO         4813    .ARM.Collect$$libshutdown$$0000000E  c_w.l(libshutdown2.o)
    0x080001c8   0x080001c8   0x00000000   Code   RO         4816    .ARM.Collect$$libshutdown$$00000011  c_w.l(libshutdown2.o)
    0x080001c8   0x080001c8   0x00000002   Code   RO         4817    .ARM.Collect$$libshutdown$$00000012  c_w.l(libshutdown2.o)
    0x080001ca   0x080001ca   0x00000000   Code   RO         4391    .ARM.Collect$$rtentry$$00000000  c_w.l(__rtentry.o)
    0x080001ca   0x080001ca   0x00000000   Code   RO         4486    .ARM.Collect$$rtentry$$00000002  c_w.l(__rtentry2.o)
    0x080001ca   0x080001ca   0x00000006   Code   RO         4498    .ARM.Collect$$rtentry$$00000004  c_w.l(__rtentry4.o)
    0x080001d0   0x080001d0   0x00000000   Code   RO         4488    .ARM.Collect$$rtentry$$00000009  c_w.l(__rtentry2.o)
    0x080001d0   0x080001d0   0x00000004   Code   RO         4489    .ARM.Collect$$rtentry$$0000000A  c_w.l(__rtentry2.o)
    0x080001d4   0x080001d4   0x00000000   Code   RO         4491    .ARM.Collect$$rtentry$$0000000C  c_w.l(__rtentry2.o)
    0x080001d4   0x080001d4   0x00000008   Code   RO         4492    .ARM.Collect$$rtentry$$0000000D  c_w.l(__rtentry2.o)
    0x080001dc   0x080001dc   0x00000002   Code   RO         4654    .ARM.Collect$$rtexit$$00000000  c_w.l(rtexit.o)
    0x080001de   0x080001de   0x00000000   Code   RO         4746    .ARM.Collect$$rtexit$$00000002  c_w.l(rtexit2.o)
    0x080001de   0x080001de   0x00000004   Code   RO         4747    .ARM.Collect$$rtexit$$00000003  c_w.l(rtexit2.o)
    0x080001e2   0x080001e2   0x00000006   Code   RO         4748    .ARM.Collect$$rtexit$$00000004  c_w.l(rtexit2.o)
    0x080001e8   0x080001e8   0x00000040   Code   RO            4    .text               startup_stm32f10x_md.o
    0x08000228   0x08000228   0x0000002c   Code   RO         4231    .text               c_w.l(__2sprintf.o)
    0x08000254   0x08000254   0x0000004e   Code   RO         4237    .text               c_w.l(_printf_pad.o)
    0x080002a2   0x080002a2   0x00000052   Code   RO         4239    .text               c_w.l(_printf_str.o)
    0x080002f4   0x080002f4   0x00000078   Code   RO         4241    .text               c_w.l(_printf_dec.o)
    0x0800036c   0x0800036c   0x00000188   Code   RO         4260    .text               c_w.l(__printf_flags_ss_wp.o)
    0x080004f4   0x080004f4   0x0000001a   Code   RO         4266    .text               c_w.l(atoi.o)
    0x0800050e   0x0800050e   0x00000064   Code   RO         4268    .text               c_w.l(rt_memcpy_w.o)
    0x08000572   0x08000572   0x00000002   PAD
    0x08000574   0x08000574   0x0000000c   Code   RO         4270    .text               c_w.l(localtime.o)
    0x08000580   0x08000580   0x000001ac   Code   RO         4273    .text               c_w.l(mktime.o)
    0x0800072c   0x0800072c   0x00000006   Code   RO         4275    .text               c_w.l(heapauxi.o)
    0x08000732   0x08000732   0x00000002   PAD
    0x08000734   0x08000734   0x00000008   Code   RO         4395    .text               c_w.l(rt_errno_addr_intlibspace.o)
    0x0800073c   0x0800073c   0x000000b2   Code   RO         4399    .text               c_w.l(_printf_intcommon.o)
    0x080007ee   0x080007ee   0x00000002   PAD
    0x080007f0   0x080007f0   0x00000030   Code   RO         4403    .text               c_w.l(_printf_char_common.o)
    0x08000820   0x08000820   0x0000000a   Code   RO         4405    .text               c_w.l(_sputc.o)
    0x0800082a   0x0800082a   0x0000002c   Code   RO         4407    .text               c_w.l(_printf_char.o)
    0x08000856   0x08000856   0x00000070   Code   RO         4462    .text               c_w.l(strtol.o)
    0x080008c6   0x080008c6   0x00000002   PAD
    0x080008c8   0x080008c8   0x000000b8   Code   RO         4465    .text               c_w.l(localtime_internal.o)
    0x08000980   0x08000980   0x00000008   Code   RO         4482    .text               c_w.l(libspace.o)
    0x08000988   0x08000988   0x00000010   Code   RO         4500    .text               c_w.l(rt_ctype_table.o)
    0x08000998   0x08000998   0x0000009e   Code   RO         4510    .text               c_w.l(_strtoul.o)
    0x08000a36   0x08000a36   0x0000004e   Code   RO         4514    .text               c_w.l(rt_memclr_w.o)
    0x08000a84   0x08000a84   0x0000004a   Code   RO         4529    .text               c_w.l(sys_stackheap_outer.o)
    0x08000ace   0x08000ace   0x00000002   PAD
    0x08000ad0   0x08000ad0   0x00000008   Code   RO         4534    .text               c_w.l(rt_locale_intlibspace.o)
    0x08000ad8   0x08000ad8   0x0000001c   Code   RO         4599    .text               c_w.l(_chval.o)
    0x08000af4   0x08000af4   0x00000012   Code   RO         4632    .text               c_w.l(exit.o)
    0x08000b06   0x08000b06   0x00000002   PAD
    0x08000b08   0x08000b08   0x0000000c   Code   RO         4650    .text               c_w.l(sys_exit.o)
    0x08000b14   0x08000b14   0x00000080   Code   RO         4691    .text               c_w.l(strcmpv7m.o)
    0x08000b94   0x08000b94   0x00000002   Code   RO         4742    .text               c_w.l(use_no_semi.o)
    0x08000b96   0x08000b96   0x00000000   Code   RO         4744    .text               c_w.l(indicate_semi.o)
    0x08000b96   0x08000b96   0x00000008   Code   RO         3923    i.AT24CXX_Init      at24cxx.o
    0x08000b9e   0x08000b9e   0x00000022   Code   RO         3924    i.AT24CXX_Read      at24cxx.o
    0x08000bc0   0x08000bc0   0x00000054   Code   RO         3926    i.AT24CXX_ReadOneByte  at24cxx.o
    0x08000c14   0x08000c14   0x00000024   Code   RO         3927    i.AT24CXX_Write     at24cxx.o
    0x08000c38   0x08000c38   0x0000002a   Code   RO         3928    i.AT24CXX_WriteLenByte  at24cxx.o
    0x08000c62   0x08000c62   0x0000004c   Code   RO         3929    i.AT24CXX_WriteOneByte  at24cxx.o
    0x08000cae   0x08000cae   0x00000002   PAD
    0x08000cb0   0x08000cb0   0x0000001c   Code   RO          431    i.BKP_ReadBackupRegister  stm32f10x_bkp.o
    0x08000ccc   0x08000ccc   0x0000001c   Code   RO          435    i.BKP_WriteBackupRegister  stm32f10x_bkp.o
    0x08000ce8   0x08000ce8   0x00000004   Code   RO         3196    i.BusFault_Handler  stm32f10x_it.o
    0x08000cec   0x08000cec   0x00000002   Code   RO         3197    i.DebugMon_Handler  stm32f10x_it.o
    0x08000cee   0x08000cee   0x00000082   Code   RO         3381    i.DisplayButtonDown  gui.o
    0x08000d70   0x08000d70   0x00000082   Code   RO         3382    i.DisplayButtonUp   gui.o
    0x08000df2   0x08000df2   0x00000030   Code   RO         3383    i.DisplayButtonWithState  gui.o
    0x08000e22   0x08000e22   0x00000002   PAD
    0x08000e24   0x08000e24   0x0000032c   Code   RO         3605    i.DrawAppMenu       app.o
    0x08001150   0x08001150   0x0000009c   Code   RO         3836    i.EXTI15_10_IRQHandler  exti.o
    0x080011ec   0x080011ec   0x0000004c   Code   RO         3837    i.EXTI9_5_IRQHandler  exti.o
    0x08001238   0x08001238   0x0000000c   Code   RO          985    i.EXTI_ClearITPendingBit  stm32f10x_exti.o
    0x08001244   0x08001244   0x00000028   Code   RO          989    i.EXTI_GetITStatus  stm32f10x_exti.o
    0x0800126c   0x0800126c   0x00000094   Code   RO          990    i.EXTI_Init         stm32f10x_exti.o
    0x08001300   0x08001300   0x00000030   Code   RO         3606    i.ExtiScreenLightChecker  app.o
    0x08001330   0x08001330   0x00000040   Code   RO         1344    i.GPIO_EXTILineConfig  stm32f10x_gpio.o
    0x08001370   0x08001370   0x00000116   Code   RO         1347    i.GPIO_Init         stm32f10x_gpio.o
    0x08001486   0x08001486   0x00000002   PAD
    0x08001488   0x08001488   0x00000090   Code   RO         1349    i.GPIO_PinRemapConfig  stm32f10x_gpio.o
    0x08001518   0x08001518   0x00000012   Code   RO         1351    i.GPIO_ReadInputDataBit  stm32f10x_gpio.o
    0x0800152a   0x0800152a   0x00000012   Code   RO         1353    i.GPIO_ReadOutputDataBit  stm32f10x_gpio.o
    0x0800153c   0x0800153c   0x00000004   Code   RO         1354    i.GPIO_ResetBits    stm32f10x_gpio.o
    0x08001540   0x08001540   0x00000004   Code   RO         1355    i.GPIO_SetBits      stm32f10x_gpio.o
    0x08001544   0x08001544   0x0000000a   Code   RO         1358    i.GPIO_WriteBit     stm32f10x_gpio.o
    0x0800154e   0x0800154e   0x00000034   Code   RO         3385    i.Gui_DrawFont_ASC16Ex  gui.o
    0x08001582   0x08001582   0x00000026   Code   RO         3386    i.Gui_DrawFont_GBK16  gui.o
    0x080015a8   0x080015a8   0x00000198   Code   RO         3387    i.Gui_DrawFont_GBK16Core  gui.o
    0x08001740   0x08001740   0x00000026   Code   RO         3388    i.Gui_DrawFont_GBK16_Spec  gui.o
    0x08001766   0x08001766   0x00000002   PAD
    0x08001768   0x08001768   0x00000080   Code   RO         3389    i.Gui_DrawFont_Num32  gui.o
    0x080017e8   0x080017e8   0x000000ba   Code   RO         3390    i.Gui_DrawLine      gui.o
    0x080018a2   0x080018a2   0x00000020   Code   RO         3288    i.Gui_DrawPoint     lcd_driver.o
    0x080018c2   0x080018c2   0x00000050   Code   RO         3391    i.Gui_Fill          gui.o
    0x08001912   0x08001912   0x00000004   Code   RO         3198    i.HardFault_Handler  stm32f10x_it.o
    0x08001916   0x08001916   0x00000002   PAD
    0x08001918   0x08001918   0x00000038   Code   RO         3930    i.IIC_Ack           at24cxx.o
    0x08001950   0x08001950   0x00000048   Code   RO         3931    i.IIC_Init          at24cxx.o
    0x08001998   0x08001998   0x00000038   Code   RO         3932    i.IIC_NAck          at24cxx.o
    0x080019d0   0x080019d0   0x00000058   Code   RO         3933    i.IIC_Read_Byte     at24cxx.o
    0x08001a28   0x08001a28   0x00000064   Code   RO         3934    i.IIC_Send_Byte     at24cxx.o
    0x08001a8c   0x08001a8c   0x00000038   Code   RO         3935    i.IIC_Start         at24cxx.o
    0x08001ac4   0x08001ac4   0x00000038   Code   RO         3936    i.IIC_Stop          at24cxx.o
    0x08001afc   0x08001afc   0x00000054   Code   RO         3937    i.IIC_Wait_Ack      at24cxx.o
    0x08001b50   0x08001b50   0x00000044   Code   RO         3289    i.LCD_GPIO_Init     lcd_driver.o
    0x08001b94   0x08001b94   0x00000024   Code   RO         3290    i.LCD_WriteData_16Bit  lcd_driver.o
    0x08001bb8   0x08001bb8   0x00000032   Code   RO         3291    i.Lcd_Clear         lcd_driver.o
    0x08001bea   0x08001bea   0x00000248   Code   RO         3292    i.Lcd_Init          lcd_driver.o
    0x08001e32   0x08001e32   0x00000002   PAD
    0x08001e34   0x08001e34   0x00000024   Code   RO         3294    i.Lcd_Reset         lcd_driver.o
    0x08001e58   0x08001e58   0x00000056   Code   RO         3295    i.Lcd_SetRegion     lcd_driver.o
    0x08001eae   0x08001eae   0x00000014   Code   RO         3296    i.Lcd_SetXY         lcd_driver.o
    0x08001ec2   0x08001ec2   0x00000002   PAD
    0x08001ec4   0x08001ec4   0x00000020   Code   RO         3297    i.Lcd_WriteData     lcd_driver.o
    0x08001ee4   0x08001ee4   0x00000020   Code   RO         3298    i.Lcd_WriteIndex    lcd_driver.o
    0x08001f04   0x08001f04   0x00000004   Code   RO         3199    i.MemManage_Handler  stm32f10x_it.o
    0x08001f08   0x08001f08   0x00000072   Code   RO         3892    i.MyRTC_Init        myrtc.o
    0x08001f7a   0x08001f7a   0x00000002   PAD
    0x08001f7c   0x08001f7c   0x00000048   Code   RO         3893    i.MyRTC_ReadTime    myrtc.o
    0x08001fc4   0x08001fc4   0x000000ec   Code   RO         3894    i.MyRTC_SetTime     myrtc.o
    0x080020b0   0x080020b0   0x0000009c   Code   RO         3800    i.MySPI_Init        myspi_lcd.o
    0x0800214c   0x0800214c   0x0000000a   Code   RO         3801    i.MySPI_Start       myspi_lcd.o
    0x08002156   0x08002156   0x0000000a   Code   RO         3802    i.MySPI_Stop        myspi_lcd.o
    0x08002160   0x08002160   0x00000020   Code   RO         3803    i.MySPI_SwapByte    myspi_lcd.o
    0x08002180   0x08002180   0x00000014   Code   RO         3804    i.MySPI_W_SS        myspi_lcd.o
    0x08002194   0x08002194   0x00000002   Code   RO         3200    i.NMI_Handler       stm32f10x_it.o
    0x08002196   0x08002196   0x00000002   PAD
    0x08002198   0x08002198   0x00000070   Code   RO          137    i.NVIC_Init         misc.o
    0x08002208   0x08002208   0x00000014   Code   RO          138    i.NVIC_PriorityGroupConfig  misc.o
    0x0800221c   0x0800221c   0x0000000c   Code   RO         1710    i.PWR_BackupAccessCmd  stm32f10x_pwr.o
    0x08002228   0x08002228   0x00000040   Code   RO         1714    i.PWR_EnterSTOPMode  stm32f10x_pwr.o
    0x08002268   0x08002268   0x0000000c   Code   RO         1718    i.PWR_WakeUpPinCmd  stm32f10x_pwr.o
    0x08002274   0x08002274   0x00000002   Code   RO         3201    i.PendSV_Handler    stm32f10x_it.o
    0x08002276   0x08002276   0x00000002   PAD
    0x08002278   0x08002278   0x00000020   Code   RO         1775    i.RCC_APB1PeriphClockCmd  stm32f10x_rcc.o
    0x08002298   0x08002298   0x00000020   Code   RO         1777    i.RCC_APB2PeriphClockCmd  stm32f10x_rcc.o
    0x080022b8   0x080022b8   0x0000003c   Code   RO         1786    i.RCC_GetFlagStatus  stm32f10x_rcc.o
    0x080022f4   0x080022f4   0x00000034   Code   RO         1793    i.RCC_LSEConfig     stm32f10x_rcc.o
    0x08002328   0x08002328   0x0000000c   Code   RO         1800    i.RCC_RTCCLKCmd     stm32f10x_rcc.o
    0x08002334   0x08002334   0x00000010   Code   RO         1801    i.RCC_RTCCLKConfig  stm32f10x_rcc.o
    0x08002344   0x08002344   0x0000002a   Code   RO         4029    i.RTCAlarm_IRQHandler  myalarm.o
    0x0800236e   0x0800236e   0x00000002   PAD
    0x08002370   0x08002370   0x00000010   Code   RO         1977    i.RTC_ClearITPendingBit  stm32f10x_rtc.o
    0x08002380   0x08002380   0x00000014   Code   RO         1978    i.RTC_EnterConfigMode  stm32f10x_rtc.o
    0x08002394   0x08002394   0x00000014   Code   RO         1979    i.RTC_ExitConfigMode  stm32f10x_rtc.o
    0x080023a8   0x080023a8   0x00000014   Code   RO         1980    i.RTC_GetCounter    stm32f10x_rtc.o
    0x080023bc   0x080023bc   0x00000024   Code   RO         1983    i.RTC_GetITStatus   stm32f10x_rtc.o
    0x080023e0   0x080023e0   0x00000012   Code   RO         4030    i.RTC_IRQHandler    myalarm.o
    0x080023f2   0x080023f2   0x00000002   PAD
    0x080023f4   0x080023f4   0x00000020   Code   RO         1984    i.RTC_ITConfig      stm32f10x_rtc.o
    0x08002414   0x08002414   0x0000001c   Code   RO         1985    i.RTC_SetAlarm      stm32f10x_rtc.o
    0x08002430   0x08002430   0x0000001c   Code   RO         1986    i.RTC_SetCounter    stm32f10x_rtc.o
    0x0800244c   0x0800244c   0x00000020   Code   RO         1987    i.RTC_SetPrescaler  stm32f10x_rtc.o
    0x0800246c   0x0800246c   0x00000014   Code   RO         1988    i.RTC_WaitForLastTask  stm32f10x_rtc.o
    0x08002480   0x08002480   0x00000024   Code   RO         1989    i.RTC_WaitForSynchro  stm32f10x_rtc.o
    0x080024a4   0x080024a4   0x0000001c   Code   RO         3938    i.SDA_IN            at24cxx.o
    0x080024c0   0x080024c0   0x00000024   Code   RO         3939    i.SDA_OUT           at24cxx.o
    0x080024e4   0x080024e4   0x00000018   Code   RO         2263    i.SPI_Cmd           stm32f10x_spi.o
    0x080024fc   0x080024fc   0x00000012   Code   RO         2271    i.SPI_I2S_GetFlagStatus  stm32f10x_spi.o
    0x0800250e   0x0800250e   0x0000003c   Code   RO         2276    i.SPI_Init          stm32f10x_spi.o
    0x0800254a   0x0800254a   0x0000000c   Code   RO         3300    i.SPI_WriteData     lcd_driver.o
    0x08002556   0x08002556   0x00000002   Code   RO         3202    i.SVC_Handler       stm32f10x_it.o
    0x08002558   0x08002558   0x00000008   Code   RO           24    i.SetSysClock       system_stm32f10x.o
    0x08002560   0x08002560   0x000000e0   Code   RO           25    i.SetSysClockTo72   system_stm32f10x.o
    0x08002640   0x08002640   0x00000002   Code   RO         3203    i.SysTick_Handler   stm32f10x_it.o
    0x08002642   0x08002642   0x00000002   PAD
    0x08002644   0x08002644   0x00000060   Code   RO           27    i.SystemInit        system_stm32f10x.o
    0x080026a4   0x080026a4   0x000000a0   Code   RO         4169    i.USART2_IRQHandler  serial.o
    0x08002744   0x08002744   0x0000001e   Code   RO         2957    i.USART_ClearITPendingBit  stm32f10x_usart.o
    0x08002762   0x08002762   0x00000054   Code   RO         2964    i.USART_GetITStatus  stm32f10x_usart.o
    0x080027b6   0x080027b6   0x0000000a   Code   RO         2974    i.USART_ReceiveData  stm32f10x_usart.o
    0x080027c0   0x080027c0   0x00000004   Code   RO         3204    i.UsageFault_Handler  stm32f10x_it.o
    0x080027c4   0x080027c4   0x000003c4   Code   RO         4031    i._Z11EditAlarmUIs  myalarm.o
    0x08002b88   0x08002b88   0x00000198   Code   RO         3607    i._Z11ShowAppMenuv  app.o
    0x08002d20   0x08002d20   0x000001f0   Code   RO         3608    i._Z12KeyboardInitv  app.o
    0x08002f10   0x08002f10   0x000000e8   Code   RO         4032    i._Z12MyAlarm_Initv  myalarm.o
    0x08002ff8   0x08002ff8   0x000000ec   Code   RO         3609    i._Z12RunUIHandlerv  app.o
    0x080030e4   0x080030e4   0x000001e0   Code   RO         3610    i._Z14RunApplicationv  app.o
    0x080032c4   0x080032c4   0x00000088   Code   RO         4033    i._Z15UpdateAlarmMenuv  myalarm.o
    0x0800334c   0x0800334c   0x00000010   Code   RO         4034    i._Z16HandleAlarmEventv  myalarm.o
    0x0800335c   0x0800335c   0x000000e4   Code   RO         4035    i._Z18MyAlarm_CheckAlarmv  myalarm.o
    0x08003440   0x08003440   0x00000044   Code   RO         4036    i._Z19DrawSubMenu_AlarmUIc  myalarm.o
    0x08003484   0x08003484   0x000001b0   Code   RO         3611    i._Z19DrawSubMenu_Factoryc  app.o
    0x08003634   0x08003634   0x0000067c   Code   RO         3612    i._Z20DrawSubMenu_Settingsc  app.o
    0x08003cb0   0x08003cb0   0x000001b4   Code   RO         4118    i._Z20GpsTimeUpdateServicev  apps_ext.o
    0x08003e64   0x08003e64   0x00000560   Code   RO         3613    i._Z23DrawSubMenu_Applicationc  app.o
    0x080043c4   0x080043c4   0x00000104   Code   RO         4037    i._Z24DrawSubMenu_AlarmManagerc  myalarm.o
    0x080044c8   0x080044c8   0x0000004c   Code   RO         3614    i._Z7WaitKeyP12GPIO_TypeDeftb  app.o
    0x08004514   0x08004514   0x00000170   Code   RO         4119    i._Z9app_Timerv     apps_ext.o
    0x08004684   0x08004684   0x0000013c   Code   RO         3858    i._ZN11MenuRoutine19GetRetValueFromMenuEPj  menu.o
    0x080047c0   0x080047c0   0x00000180   Code   RO         3859    i._ZN11MenuRoutine8DrawMenuEb  menu.o
    0x08004940   0x08004940   0x00000012   Code   RO         3860    i._ZN11MenuRoutine8InitMenuEP8MenuDataj  menu.o
    0x08004952   0x08004952   0x00000002   PAD
    0x08004954   0x08004954   0x00000024   Code   RO         3683    i._ZN11MenuRoutineC1Ev  app.o
    0x08004978   0x08004978   0x00000022   Code   RO         3861    i._ZN8MenuBase7AntiTikEP12GPIO_TypeDeft  menu.o
    0x0800499a   0x0800499a   0x00000010   Code   RO         4279    i.__cxa_guard_acquire  cpprt_w.l(cxa_guard_acquire.o)
    0x080049aa   0x080049aa   0x0000000e   Code   RO         4253    i._is_digit         c_w.l(__printf_wp.o)
    0x080049b8   0x080049b8   0x00000040   Code   RO         3259    i.delay_init        delay.o
    0x080049f8   0x080049f8   0x0000003c   Code   RO         3260    i.delay_ms          delay.o
    0x08004a34   0x08004a34   0x0000003c   Code   RO         3261    i.delay_us          delay.o
    0x08004a70   0x08004a70   0x00000108   Code   RO         3484    i.main              main.o
    0x08004b78   0x08004b78   0x0000002c   Code   RO         4627    locale$$code        c_w.l(lc_ctype_c.o)
    0x08004ba4   0x08004ba4   0x00000c80   Data   RO         3395    .constdata          gui.o
    0x08005824   0x08005824   0x0000a008   Data   RO         3626    .constdata          app.o
    0x0800f82c   0x0800f82c   0x00000011   Data   RO         4261    .constdata          c_w.l(__printf_flags_ss_wp.o)
    0x0800f83d   0x0800f83d   0x0000000c   Data   RO         4464    .constdata          c_w.l(_monlen.o)
    0x0800f849   0x0800f849   0x00000003   PAD
    0x0800f84c   0x0800f84c   0x0000000c   Data   RO         3690    .constdata__ZTV11MenuRoutine  app.o
    0x0800f858   0x0800f858   0x00000020   Data   RO         4832    Region$$Table       anon$$obj.o
    0x0800f878   0x0800f878   0x00000110   Data   RO         4626    locale$$data        c_w.l(lc_ctype_c.o)


    Execution Region RW_IRAM1 (Exec base: 0x20000000, Load base: 0x0800f988, Size: 0x00001398, Max: 0x00005000, ABSOLUTE, COMPRESSED[0x000001c0])

    Exec Addr    Load Addr    Size         Type   Attr      Idx    E Section Name        Object

    0x20000000   COMPRESSED   0x00000004   Data   RW         3262    .data               delay.o
    0x20000004   COMPRESSED   0x00000568   Data   RW         3627    .data               app.o
    0x2000056c   COMPRESSED   0x0000000c   Data   RW         3895    .data               myrtc.o
    0x20000578   COMPRESSED   0x00000544   Data   RW         4048    .data               myalarm.o
    0x20000abc   COMPRESSED   0x00000008   Data   RW         4125    .data               apps_ext.o
    0x20000ac4   COMPRESSED   0x00000003   Data   RW         4171    .data               serial.o
    0x20000ac7   COMPRESSED   0x00000001   PAD
    0x20000ac8        -       0x00000078   Zero   RW         3625    .bss                app.o
    0x20000b40        -       0x00000164   Zero   RW         4047    .bss                myalarm.o
    0x20000ca4        -       0x00000064   Zero   RW         4170    .bss                serial.o
    0x20000d08        -       0x0000002c   Zero   RW         4271    .bss                c_w.l(localtime.o)
    0x20000d34        -       0x00000060   Zero   RW         4483    .bss                c_w.l(libspace.o)
    0x20000d94   COMPRESSED   0x00000004   PAD
    0x20000d98        -       0x00000200   Zero   RW            2    HEAP                startup_stm32f10x_md.o
    0x20000f98        -       0x00000400   Zero   RW            1    STACK               startup_stm32f10x_md.o


==============================================================================

Image component sizes


      Code (inc. data)   RO Data    RW Data    ZI Data      Debug   Object Name

      6060       1036      40980       1384        120      13995   app.o
       804         94          0          8          0       2959   apps_ext.o
       912         48          0          0          0       8434   at24cxx.o
         0          0          0          0          0       4532   core_cm3.o
       184         16          0          4          0       1591   delay.o
       232         24          0          0          0        980   exti.o
      1238         12       3200          0          0       8732   gui.o
       988         32          0          0          0       6074   lcd_driver.o
       264         14          0          0          0     218827   main.o
       752         60          0          0          0       4900   menu.o
       132         22          0          0          0     204727   misc.o
      1964        250          0       1348        356       9501   myalarm.o
       422          8          0         12          0       3103   myrtc.o
       228         18          0          0          0       2430   myspi_lcd.o
       160         22          0          3        100       1244   serial.o
        64         26        236          0       1536        816   startup_stm32f10x_md.o
        56         10          0          0          0       2067   stm32f10x_bkp.o
       200         18          0          0          0       4056   stm32f10x_exti.o
       540         10          0          0          0      14237   stm32f10x_gpio.o
        26          0          0          0          0       3674   stm32f10x_it.o
        88         22          0          0          0       1533   stm32f10x_pwr.o
       204         32          0          0          0       3097   stm32f10x_rcc.o
       288         52          0          0          0       5239   stm32f10x_rtc.o
       102          0          0          0          0       9445   stm32f10x_spi.o
       124          0          0          0          0       9194   stm32f10x_usart.o
       328         28          0          0          0      17005   system_stm32f10x.o

    ----------------------------------------------------------------------
     16388       1854      44448       2760       2112     562392   Object Totals
         0          0         32          0          0          0   (incl. Generated)
        28          0          0          1          0          0   (incl. Padding)

    ----------------------------------------------------------------------

      Code (inc. data)   RO Data    RW Data    ZI Data      Debug   Library Member Name

        44          6          0          0          0         84   __2sprintf.o
        90          0          0          0          0          0   __dczerorl2.o
         8          0          0          0          0         68   __main.o
       392          4         17          0          0         92   __printf_flags_ss_wp.o
        14          0          0          0          0         68   __printf_wp.o
         0          0          0          0          0          0   __rtentry.o
        12          0          0          0          0          0   __rtentry2.o
         6          0          0          0          0          0   __rtentry4.o
        52          8          0          0          0          0   __scatter.o
        28          0          0          0          0          0   __scatter_zi.o
        28          0          0          0          0         68   _chval.o
         0          0         12          0          0          0   _monlen.o
        44          0          0          0          0        108   _printf_char.o
        48          6          0          0          0         96   _printf_char_common.o
         6          0          0          0          0          0   _printf_d.o
       120         16          0          0          0         92   _printf_dec.o
       178          0          0          0          0         88   _printf_intcommon.o
        78          0          0          0          0        108   _printf_pad.o
         0          0          0          0          0          0   _printf_percent.o
         4          0          0          0          0          0   _printf_percent_end.o
         6          0          0          0          0          0   _printf_s.o
        82          0          0          0          0         80   _printf_str.o
        10          0          0          0          0         68   _sputc.o
       158          0          0          0          0         92   _strtoul.o
        26          0          0          0          0         80   atoi.o
        18          0          0          0          0         80   exit.o
         6          0          0          0          0        152   heapauxi.o
         0          0          0          0          0          0   indicate_semi.o
        44         10        272          0          0         76   lc_ctype_c.o
         2          0          0          0          0          0   libinit.o
        20          0          0          0          0          0   libinit2.o
         2          0          0          0          0          0   libshutdown.o
         2          0          0          0          0          0   libshutdown2.o
         8          4          0          0         96         68   libspace.o
        12          6          0          0         44         68   localtime.o
       184          6          0          0          0         80   localtime_internal.o
       428         10          0          0          0        116   mktime.o
        16          4          0          0          0         76   rt_ctype_table.o
         8          4          0          0          0         68   rt_errno_addr_intlibspace.o
         8          4          0          0          0         68   rt_locale_intlibspace.o
        78          0          0          0          0         80   rt_memclr_w.o
       100          0          0          0          0         80   rt_memcpy_w.o
         2          0          0          0          0          0   rtexit.o
        10          0          0          0          0          0   rtexit2.o
       128          0          0          0          0         68   strcmpv7m.o
       112          0          0          0          0         88   strtol.o
        12          4          0          0          0         68   sys_exit.o
        74          0          0          0          0         80   sys_stackheap_outer.o
         2          0          0          0          0         68   use_no_semi.o
        16          0          0          0          0         68   cxa_guard_acquire.o

    ----------------------------------------------------------------------
      2740         92        304          0        144       2644   Library Totals
        14          0          3          0          4          0   (incl. Padding)

    ----------------------------------------------------------------------

      Code (inc. data)   RO Data    RW Data    ZI Data      Debug   Library Name

      2710         92        301          0        140       2576   c_w.l
        16          0          0          0          0         68   cpprt_w.l

    ----------------------------------------------------------------------
      2740         92        304          0        144       2644   Library Totals

    ----------------------------------------------------------------------

==============================================================================


      Code (inc. data)   RO Data    RW Data    ZI Data      Debug   

     19128       1946      44752       2760       2256     557076   Grand Totals
     19128       1946      44752        448       2256     557076   ELF Image Totals (compressed)
     19128       1946      44752        448          0          0   ROM Totals

==============================================================================

    Total RO  Size (Code + RO Data)                63880 (  62.38kB)
    Total RW  Size (RW Data + ZI Data)              5016 (   4.90kB)
    Total ROM Size (Code + RO Data + RW Data)      64328 (  62.82kB)

==============================================================================

